../Core/Src/main.c:126:5:main	8	static
../Core/Src/main.c:195:6:SystemClock_Config	88	static
../Core/Src/main.c:242:13:MX_I2C1_Init	8	static
../Core/Src/main.c:276:13:MX_I2C3_Init	8	static
../Core/Src/main.c:310:13:MX_SPI3_Init	8	static
../Core/Src/main.c:348:13:MX_USART2_UART_Init	8	static
../Core/Src/main.c:379:13:MX_DMA_Init	16	static
../Core/Src/main.c:406:13:MX_GPIO_Init	48	static
../Core/Src/main.c:756:6:SPITxRx_Setup	8	static
../Core/Src/main.c:765:6:SPITxRx_readIO	8	static
../Core/Src/main.c:779:6:setOutputGPIOB	8	static
../Core/Src/main.c:791:6:SPITxRx_writeIO	8	static
../Core/Src/main.c:852:6:HAL_SPI_TxRxCpltCallback	16	static
../Core/Src/main.c:858:6:Set_SPI_LED	8	static
../Core/Src/main.c:885:6:Error_Handler	4	static,ignoring_inline_asm
