../Core/Src/main.c:144:5:main	8	static
../Core/Src/main.c:222:6:SystemClock_Config	88	static
../Core/Src/main.c:269:13:MX_ADC1_Init	24	static
../Core/Src/main.c:330:13:MX_I2C1_Init	8	static
../Core/Src/main.c:364:13:MX_I2C3_Init	8	static
../Core/Src/main.c:398:13:MX_SPI2_Init	8	static
../Core/Src/main.c:436:13:MX_SPI3_Init	8	static
../Core/Src/main.c:474:13:MX_USART2_UART_Init	8	static
../Core/Src/main.c:505:13:MX_DMA_Init	16	static
../Core/Src/main.c:536:13:MX_GPIO_Init	48	static
../Core/Src/main.c:850:6:Kp_Seperate	16	static
../Core/Src/main.c:858:6:Ki_Seperate	16	static
../Core/Src/main.c:866:6:Kd_Seperate	16	static
../Core/Src/main.c:874:6:Kff_Seperate	16	static
../Core/Src/main.c:883:6:EEPROMWrite	16	static
../Core/Src/main.c:917:6:EEPROMRead	24	static
../Core/Src/main.c:1128:6:Error_Handler	4	static,ignoring_inline_asm
