../Core/Src/main.c:176:5:main	72	static
../Core/Src/main.c:284:6:SystemClock_Config	88	static
../Core/Src/main.c:331:13:MX_ADC1_Init	24	static
../Core/Src/main.c:392:13:MX_I2C1_Init	8	static
../Core/Src/main.c:426:13:MX_I2C3_Init	8	static
../Core/Src/main.c:460:13:MX_SPI2_Init	8	static
../Core/Src/main.c:498:13:MX_SPI3_Init	8	static
../Core/Src/main.c:536:13:MX_USART2_UART_Init	8	static
../Core/Src/main.c:567:13:MX_DMA_Init	16	static
../Core/Src/main.c:604:13:MX_GPIO_Init	48	static
../Core/Src/main.c:801:6:UARTCalculatorConfig	8	static
../Core/Src/main.c:808:6:HAL_UART_RxCpltCallback	16	static
../Core/Src/main.c:856:6:Calculator	16	static
../Core/Src/main.c:926:6:Kp_Seperate	16	static
../Core/Src/main.c:935:6:Ki_Seperate	16	static
../Core/Src/main.c:944:6:Kd_Seperate	16	static
../Core/Src/main.c:953:6:Kff_Seperate	16	static
../Core/Src/main.c:962:6:EEPROMWrite	16	static
../Core/Src/main.c:996:6:EEPROMRead	24	static
../Core/Src/main.c:1033:6:SPITxRx_Setup	8	static
../Core/Src/main.c:1041:6:SPITxRx_readIO	8	static
../Core/Src/main.c:1055:6:setOutputGPIOB	8	static
../Core/Src/main.c:1067:6:SPITxRx_writeIO	8	static
../Core/Src/main.c:1133:6:HAL_SPI_TxRxCpltCallback	16	static
../Core/Src/main.c:1139:6:Set_SPI_LED	8	static
../Core/Src/main.c:1275:6:Error_Handler	4	static,ignoring_inline_asm
