../Core/Src/main.c:151:5:main	8	static
../Core/Src/main.c:259:6:SystemClock_Config	88	static
../Core/Src/main.c:306:13:MX_ADC1_Init	24	static
../Core/Src/main.c:367:13:MX_I2C1_Init	8	static
../Core/Src/main.c:401:13:MX_I2C3_Init	8	static
../Core/Src/main.c:435:13:MX_SPI2_Init	8	static
../Core/Src/main.c:473:13:MX_SPI3_Init	8	static
../Core/Src/main.c:511:13:MX_USART2_UART_Init	8	static
../Core/Src/main.c:542:13:MX_DMA_Init	16	static
../Core/Src/main.c:579:13:MX_GPIO_Init	48	static
../Core/Src/main.c:893:6:Kp_Seperate	16	static
../Core/Src/main.c:901:6:Ki_Seperate	16	static
../Core/Src/main.c:909:6:Kd_Seperate	16	static
../Core/Src/main.c:917:6:Kff_Seperate	16	static
../Core/Src/main.c:926:6:EEPROMWrite	16	static
../Core/Src/main.c:960:6:EEPROMRead	24	static
../Core/Src/main.c:1119:6:HAL_GPIO_EXTI_Callback	16	static
../Core/Src/main.c:1127:6:voltage	16	static
../Core/Src/main.c:1147:6:SPI_voltage_set	8	static
../Core/Src/main.c:1158:6:write_voltage	48	static
../Core/Src/main.c:1173:6:HAL_SPI_TxRxCpltCallback	16	static
../Core/Src/main.c:1179:6:MCP4922_Select	8	static
../Core/Src/main.c:1185:6:MCP4922_Deselect	8	static
../Core/Src/main.c:1190:10:MCP4922_ConvertVoltage	24	static
../Core/Src/main.c:1205:6:MCP4922_SetVoltage	24	static
../Core/Src/main.c:1229:6:Error_Handler	4	static,ignoring_inline_asm
