Archive member included to satisfy reference by file (symbol)

c:/st/stm32cubeide_1.11.0/stm32cubeide/plugins/com.st.stm32cube.ide.mcu.externaltools.gnu-tools-for-stm32.10.3-2021.10.win32_1.0.100.202210260954/tools/bin/../lib/gcc/arm-none-eabi/10.3.1/../../../../arm-none-eabi/lib/thumb/v7e-m+fp/hard\libc_nano.a(lib_a-errno.o)
                              ./Core/Src/syscalls.o (__errno)
c:/st/stm32cubeide_1.11.0/stm32cubeide/plugins/com.st.stm32cube.ide.mcu.externaltools.gnu-tools-for-stm32.10.3-2021.10.win32_1.0.100.202210260954/tools/bin/../lib/gcc/arm-none-eabi/10.3.1/../../../../arm-none-eabi/lib/thumb/v7e-m+fp/hard\libc_nano.a(lib_a-exit.o)
                              c:/st/stm32cubeide_1.11.0/stm32cubeide/plugins/com.st.stm32cube.ide.mcu.externaltools.gnu-tools-for-stm32.10.3-2021.10.win32_1.0.100.202210260954/tools/bin/../lib/gcc/arm-none-eabi/10.3.1/../../../../arm-none-eabi/lib/thumb/v7e-m+fp/hard/crt0.o (exit)
c:/st/stm32cubeide_1.11.0/stm32cubeide/plugins/com.st.stm32cube.ide.mcu.externaltools.gnu-tools-for-stm32.10.3-2021.10.win32_1.0.100.202210260954/tools/bin/../lib/gcc/arm-none-eabi/10.3.1/../../../../arm-none-eabi/lib/thumb/v7e-m+fp/hard\libc_nano.a(lib_a-impure.o)
                              c:/st/stm32cubeide_1.11.0/stm32cubeide/plugins/com.st.stm32cube.ide.mcu.externaltools.gnu-tools-for-stm32.10.3-2021.10.win32_1.0.100.202210260954/tools/bin/../lib/gcc/arm-none-eabi/10.3.1/../../../../arm-none-eabi/lib/thumb/v7e-m+fp/hard\libc_nano.a(lib_a-exit.o) (_global_impure_ptr)
c:/st/stm32cubeide_1.11.0/stm32cubeide/plugins/com.st.stm32cube.ide.mcu.externaltools.gnu-tools-for-stm32.10.3-2021.10.win32_1.0.100.202210260954/tools/bin/../lib/gcc/arm-none-eabi/10.3.1/../../../../arm-none-eabi/lib/thumb/v7e-m+fp/hard\libc_nano.a(lib_a-init.o)
                              c:/st/stm32cubeide_1.11.0/stm32cubeide/plugins/com.st.stm32cube.ide.mcu.externaltools.gnu-tools-for-stm32.10.3-2021.10.win32_1.0.100.202210260954/tools/bin/../lib/gcc/arm-none-eabi/10.3.1/../../../../arm-none-eabi/lib/thumb/v7e-m+fp/hard/crt0.o (__libc_init_array)
c:/st/stm32cubeide_1.11.0/stm32cubeide/plugins/com.st.stm32cube.ide.mcu.externaltools.gnu-tools-for-stm32.10.3-2021.10.win32_1.0.100.202210260954/tools/bin/../lib/gcc/arm-none-eabi/10.3.1/../../../../arm-none-eabi/lib/thumb/v7e-m+fp/hard\libc_nano.a(lib_a-memset.o)
                              c:/st/stm32cubeide_1.11.0/stm32cubeide/plugins/com.st.stm32cube.ide.mcu.externaltools.gnu-tools-for-stm32.10.3-2021.10.win32_1.0.100.202210260954/tools/bin/../lib/gcc/arm-none-eabi/10.3.1/../../../../arm-none-eabi/lib/thumb/v7e-m+fp/hard/crt0.o (memset)
c:/st/stm32cubeide_1.11.0/stm32cubeide/plugins/com.st.stm32cube.ide.mcu.externaltools.gnu-tools-for-stm32.10.3-2021.10.win32_1.0.100.202210260954/tools/bin/../lib/gcc/arm-none-eabi/10.3.1/../../../../arm-none-eabi/lib/thumb/v7e-m+fp/hard\libc_nano.a(lib_a-sprintf.o)
                              ./Core/Src/main.o (sprintf)
c:/st/stm32cubeide_1.11.0/stm32cubeide/plugins/com.st.stm32cube.ide.mcu.externaltools.gnu-tools-for-stm32.10.3-2021.10.win32_1.0.100.202210260954/tools/bin/../lib/gcc/arm-none-eabi/10.3.1/../../../../arm-none-eabi/lib/thumb/v7e-m+fp/hard\libc_nano.a(lib_a-strlen.o)
                              ./Core/Src/main.o (strlen)
c:/st/stm32cubeide_1.11.0/stm32cubeide/plugins/com.st.stm32cube.ide.mcu.externaltools.gnu-tools-for-stm32.10.3-2021.10.win32_1.0.100.202210260954/tools/bin/../lib/gcc/arm-none-eabi/10.3.1/../../../../arm-none-eabi/lib/thumb/v7e-m+fp/hard\libc_nano.a(lib_a-nano-svfprintf.o)
                              c:/st/stm32cubeide_1.11.0/stm32cubeide/plugins/com.st.stm32cube.ide.mcu.externaltools.gnu-tools-for-stm32.10.3-2021.10.win32_1.0.100.202210260954/tools/bin/../lib/gcc/arm-none-eabi/10.3.1/../../../../arm-none-eabi/lib/thumb/v7e-m+fp/hard\libc_nano.a(lib_a-sprintf.o) (_svfprintf_r)
c:/st/stm32cubeide_1.11.0/stm32cubeide/plugins/com.st.stm32cube.ide.mcu.externaltools.gnu-tools-for-stm32.10.3-2021.10.win32_1.0.100.202210260954/tools/bin/../lib/gcc/arm-none-eabi/10.3.1/../../../../arm-none-eabi/lib/thumb/v7e-m+fp/hard\libc_nano.a(lib_a-nano-vfprintf_i.o)
                              c:/st/stm32cubeide_1.11.0/stm32cubeide/plugins/com.st.stm32cube.ide.mcu.externaltools.gnu-tools-for-stm32.10.3-2021.10.win32_1.0.100.202210260954/tools/bin/../lib/gcc/arm-none-eabi/10.3.1/../../../../arm-none-eabi/lib/thumb/v7e-m+fp/hard\libc_nano.a(lib_a-nano-svfprintf.o) (_printf_i)
c:/st/stm32cubeide_1.11.0/stm32cubeide/plugins/com.st.stm32cube.ide.mcu.externaltools.gnu-tools-for-stm32.10.3-2021.10.win32_1.0.100.202210260954/tools/bin/../lib/gcc/arm-none-eabi/10.3.1/../../../../arm-none-eabi/lib/thumb/v7e-m+fp/hard\libc_nano.a(lib_a-memchr.o)
[...]
Memory Configuration

Name             Origin             Length             Attributes
RAM              0x0000000020000000 0x0000000000020000 xrw
FLASH            0x0000000008000000 0x0000000000080000 xr
*default*        0x0000000000000000 0xffffffffffffffff

Linker script and memory map

LOAD c:/st/stm32cubeide_1.11.0/stm32cubeide/plugins/com.st.stm32cube.ide.mcu.externaltools.gnu-tools-for-stm32.10.3-2021.10.win32_1.0.100.202210260954/tools/bin/../lib/gcc/arm-none-eabi/10.3.1/thumb/v7e-m+fp/hard/crti.o
LOAD c:/st/stm32cubeide_1.11.0/stm32cubeide/plugins/com.st.stm32cube.ide.mcu.externaltools.gnu-tools-for-stm32.10.3-2021.10.win32_1.0.100.202210260954/tools/bin/../lib/gcc/arm-none-eabi/10.3.1/thumb/v7e-m+fp/hard/crtbegin.o
LOAD c:/st/stm32cubeide_1.11.0/stm32cubeide/plugins/com.st.stm32cube.ide.mcu.externaltools.gnu-tools-for-stm32.10.3-2021.10.win32_1.0.100.202210260954/tools/bin/../lib/gcc/arm-none-eabi/10.3.1/../../../../arm-none-eabi/lib/thumb/v7e-m+fp/hard/crt0.o
LOAD ./Core/Src/main.o
LOAD ./Core/Src/stm32f4xx_hal_msp.o
LOAD ./Core/Src/stm32f4xx_it.o
LOAD ./Core/Src/syscalls.o
LOAD ./Core/Src/sysmem.o
LOAD ./Core/Src/system_stm32f4xx.o
LOAD ./Core/Startup/startup_stm32f411retx.o
LOAD ./Drivers/STM32F4xx_HAL_Driver/Src/stm32f4xx_hal.o
LOAD ./Drivers/STM32F4xx_HAL_Driver/Src/stm32f4xx_hal_adc.o
LOAD ./Drivers/STM32F4xx_HAL_Driver/Src/stm32f4xx_hal_adc_ex.o
LOAD ./Drivers/STM32F4xx_HAL_Driver/Src/stm32f4xx_hal_cortex.o
LOAD ./Drivers/STM32F4xx_HAL_Driver/Src/stm32f4xx_hal_dma.o
LOAD ./Drivers/STM32F4xx_HAL_Driver/Src/stm32f4xx_hal_dma_ex.o
LOAD ./Drivers/STM32F4xx_HAL_Driver/Src/stm32f4xx_hal_exti.o
LOAD ./Drivers/STM32F4xx_HAL_Driver/Src/stm32f4xx_hal_flash.o
LOAD ./Drivers/STM32F4xx_HAL_Driver/Src/stm32f4xx_hal_flash_ex.o
LOAD ./Drivers/STM32F4xx_HAL_Driver/Src/stm32f4xx_hal_flash_ramfunc.o
LOAD ./Drivers/STM32F4xx_HAL_Driver/Src/stm32f4xx_hal_gpio.o
LOAD ./Drivers/STM32F4xx_HAL_Driver/Src/stm32f4xx_hal_i2c.o
LOAD ./Drivers/STM32F4xx_HAL_Driver/Src/stm32f4xx_hal_i2c_ex.o
LOAD ./Drivers/STM32F4xx_HAL_Driver/Src/stm32f4xx_hal_pwr.o
LOAD ./Drivers/STM32F4xx_HAL_Driver/Src/stm32f4xx_hal_pwr_ex.o
LOAD ./Drivers/STM32F4xx_HAL_Driver/Src/stm32f4xx_hal_rcc.o
LOAD ./Drivers/STM32F4xx_HAL_Driver/Src/stm32f4xx_hal_rcc_ex.o
LOAD ./Drivers/STM32F4xx_HAL_Driver/Src/stm32f4xx_hal_spi.o
LOAD ./Drivers/STM32F4xx_HAL_Driver/Src/stm32f4xx_hal_tim.o
LOAD ./Drivers/STM32F4xx_HAL_Driver/Src/stm32f4xx_hal_tim_ex.o
LOAD ./Drivers/STM32F4xx_HAL_Driver/Src/stm32f4xx_hal_uart.o
LOAD ./Drivers/STM32F4xx_HAL_Driver/Src/stm32f4xx_ll_adc.o
START GROUP
LOAD c:/st/stm32cubeide_1.11.0/stm32cubeide/plugins/com.st.stm32cube.ide.mcu.externaltools.gnu-tools-for-stm32.10.3-2021.10.win32_1.0.100.202210260954/tools/bin/../lib/gcc/arm-none-eabi/10.3.1/../../../../arm-none-eabi/lib/thumb/v7e-m+fp/hard\libc_nano.a
LOAD c:/st/stm32cubeide_1.11.0/stm32cubeide/plugins/com.st.stm32cube.ide.mcu.externaltools.gnu-tools-for-stm32.10.3-2021.10.win32_1.0.100.202210260954/tools/bin/../lib/gcc/arm-none-eabi/10.3.1/../../../../arm-none-eabi/lib/thumb/v7e-m+fp/hard\libm.a
END GROUP
START GROUP
LOAD c:/st/stm32cubeide_1.11.0/stm32cubeide/plugins/com.st.stm32cube.ide.mcu.externaltools.gnu-tools-for-stm32.10.3-2021.10.win32_1.0.100.202210260954/tools/bin/../lib/gcc/arm-none-eabi/10.3.1/thumb/v7e-m+fp/hard\libgcc.a
LOAD c:/st/stm32cubeide_1.11.0/stm32cubeide/plugins/com.st.stm32cube.ide.mcu.externaltools.gnu-tools-for-stm32.10.3-2021.10.win32_1.0.100.202210260954/tools/bin/../lib/gcc/arm-none-eabi/10.3.1/../../../../arm-none-eabi/lib/thumb/v7e-m+fp/hard\libc_nano.a
END GROUP
START GROUP
LOAD c:/st/stm32cubeide_1.11.0/stm32cubeide/plugins/com.st.stm32cube.ide.mcu.externaltools.gnu-tools-for-stm32.10.3-2021.10.win32_1.0.100.202210260954/tools/bin/../lib/gcc/arm-none-eabi/10.3.1/thumb/v7e-m+fp/hard\libgcc.a
LOAD c:/st/stm32cubeide_1.11.0/stm32cubeide/plugins/com.st.stm32cube.ide.mcu.externaltools.gnu-tools-for-stm32.10.3-2021.10.win32_1.0.100.202210260954/tools/bin/../lib/gcc/arm-none-eabi/10.3.1/../../../../arm-none-eabi/lib/thumb/v7e-m+fp/hard\libc_nano.a
LOAD c:/st/stm32cubeide_1.11.0/stm32cubeide/plugins/com.st.stm32cube.ide.mcu.externaltools.gnu-tools-for-stm32.10.3-2021.10.win32_1.0.100.202210260954/tools/bin/../lib/gcc/arm-none-eabi/10.3.1/../../../../arm-none-eabi/lib/thumb/v7e-m+fp/hard\libnosys.a
END GROUP
START GROUP
LOAD c:/st/stm32cubeide_1.11.0/stm32cubeide/plugins/com.st.stm32cube.ide.mcu.externaltools.gnu-tools-for-stm32.10.3-2021.10.win32_1.0.100.202210260954/tools/bin/../lib/gcc/arm-none-eabi/10.3.1/thumb/v7e-m+fp/hard\libgcc.a
LOAD c:/st/stm32cubeide_1.11.0/stm32cubeide/plugins/com.st.stm32cube.ide.mcu.externaltools.gnu-tools-for-stm32.10.3-2021.10.win32_1.0.100.202210260954/tools/bin/../lib/gcc/arm-none-eabi/10.3.1/../../../../arm-none-eabi/lib/thumb/v7e-m+fp/hard\libc_nano.a
LOAD c:/st/stm32cubeide_1.11.0/stm32cubeide/plugins/com.st.stm32cube.ide.mcu.externaltools.gnu-tools-for-stm32.10.3-2021.10.win32_1.0.100.202210260954/tools/bin/../lib/gcc/arm-none-eabi/10.3.1/../../../../arm-none-eabi/lib/thumb/v7e-m+fp/hard\libnosys.a
END GROUP
LOAD c:/st/stm32cubeide_1.11.0/stm32cubeide/plugins/com.st.stm32cube.ide.mcu.externaltools.gnu-tools-for-stm32.10.3-2021.10.win32_1.0.100.202210260954/tools/bin/../lib/gcc/arm-none-eabi/10.3.1/thumb/v7e-m+fp/hard/crtend.o
LOAD c:/st/stm32cubeide_1.11.0/stm32cubeide/plugins/com.st.stm32cube.ide.mcu.externaltools.gnu-tools-for-stm32.10.3-2021.10.win32_1.0.100.202210260954/tools/bin/../lib/gcc/arm-none-eabi/10.3.1/thumb/v7e-m+fp/hard/crtn.o
                0x0000000020020000                _estack = (ORIGIN (RAM) + LENGTH (RAM))
                0x0000000000000200                _Min_Heap_Size = 0x200
                0x0000000000000400                _Min_Stack_Size = 0x400

.isr_vector     0x0000000008000000      0x198
                0x0000000008000000                . = ALIGN (0x4)
 *(.isr_vector)
 .isr_vector    0x0000000008000000      0x198 ./Core/Startup/startup_stm32f411retx.o
                0x0000000008000000                g_pfnVectors
                0x0000000008000198                . = ALIGN (0x4)

.text           0x00000000080001a0     0x806c
                0x00000000080001a0                . = ALIGN (0x4)
 *(.text)
 .text          0x00000000080001a0       0x40 c:/st/stm32cubeide_1.11.0/stm32cubeide/plugins/com.st.stm32cube.ide.mcu.externaltools.gnu-tools-for-stm32.10.3-2021.10.win32_1.0.100.202210260954/tools/bin/../lib/gcc/arm-none-eabi/10.3.1/thumb/v7e-m+fp/hard/crtbegin.o
 .text          0x00000000080001e0       0x10 c:/st/stm32cubeide_1.11.0/stm32cubeide/plugins/com.st.stm32cube.ide.mcu.externaltools.gnu-tools-for-stm32.10.3-2021.10.win32_1.0.100.202210260954/tools/bin/../lib/gcc/arm-none-eabi/10.3.1/../../../../arm-none-eabi/lib/thumb/v7e-m+fp/hard\libc_nano.a(lib_a-strlen.o)
                0x00000000080001e0                strlen
 .text          0x00000000080001f0       0xa0 c:/st/stm32cubeide_1.11.0/stm32cubeide/plugins/com.st.stm32cube.ide.mcu.externaltools.gnu-tools-for-stm32.10.3-2021.10.win32_1.0.100.202210260954/tools/bin/../lib/gcc/arm-none-eabi/10.3.1/../../../../arm-none-eabi/lib/thumb/v7e-m+fp/hard\libc_nano.a(lib_a-memchr.o)
                0x00000000080001f0                memchr
 .text          0x0000000008000290       0x30 c:/st/stm32cubeide_1.11.0/stm32cubeide/plugins/com.st.stm32cube.ide.mcu.externaltools.gnu-tools-for-stm32.10.3-2021.10.win32_1.0.100.202210260954/tools/bin/../lib/gcc/arm-none-eabi/10.3.1/thumb/v7e-m+fp/hard\libgcc.a(_aeabi_uldivmod.o)
                0x0000000008000290                __aeabi_uldivmod
 .text          0x00000000080002c0      0x2d0 c:/st/stm32cubeide_1.11.0/stm32cubeide/plugins/com.st.stm32cube.ide.mcu.externaltools.gnu-tools-for-stm32.10.3-2021.10.win32_1.0.100.202210260954/tools/bin/../lib/gcc/arm-none-eabi/10.3.1/thumb/v7e-m+fp/hard\libgcc.a(_udivmoddi4.o)
                0x00000000080002c0                __udivmoddi4
 .text          0x0000000008000590        0x4 c:/st/stm32cubeide_1.11.0/stm32cubeide/plugins/com.st.stm32cube.ide.mcu.externaltools.gnu-tools-for-stm32.10.3-2021.10.win32_1.0.100.202210260954/tools/bin/../lib/gcc/arm-none-eabi/10.3.1/thumb/v7e-m+fp/hard\libgcc.a(_dvmd_tls.o)
                0x0000000008000590                __aeabi_idiv0
                0x0000000008000590                __aeabi_ldiv0
 *(.text*)
 .text.main     0x0000000008000594       0xb4 ./Core/Src/main.o
                0x0000000008000594                main
 .text.SystemClock_Config
                0x0000000008000648       0xd4 ./Core/Src/main.o
                0x0000000008000648                SystemClock_Config
 .text.MX_ADC1_Init
                0x000000000800071c       0xc0 ./Core/Src/main.o
 .text.MX_I2C1_Init
                0x00000000080007dc       0x5c ./Core/Src/main.o
 .text.MX_I2C3_Init
                0x0000000008000838       0x5c ./Core/Src/main.o
 .text.MX_SPI2_Init
                0x0000000008000894       0x70 ./Core/Src/main.o
 .text.MX_SPI3_Init
                0x0000000008000904       0x6c ./Core/Src/main.o
 .text.MX_USART2_UART_Init
                0x0000000008000970       0x54 ./Core/Src/main.o
 .text.MX_DMA_Init
                0x00000000080009c4       0xbc ./Core/Src/main.o
 .text.MX_GPIO_Init
                0x0000000008000a80      0x148 ./Core/Src/main.o
 .text.UARTCalculatorConfig
                0x0000000008000bc8       0x1c ./Core/Src/main.o
                0x0000000008000bc8                UARTCalculatorConfig
 .text.HAL_UART_RxCpltCallback
                0x0000000008000be4      0x1a4 ./Core/Src/main.o
                0x0000000008000be4                HAL_UART_RxCpltCallback
 .text.Calculator
                0x0000000008000d88      0x244 ./Core/Src/main.o
                0x0000000008000d88                Calculator
 .text.Kp_Seperate
                0x0000000008000fcc       0x40 ./Core/Src/main.o
                0x0000000008000fcc                Kp_Seperate
 .text.Ki_Seperate
                0x000000000800100c       0x40 ./Core/Src/main.o
                0x000000000800100c                Ki_Seperate
 .text.Kd_Seperate
                0x000000000800104c       0x40 ./Core/Src/main.o
                0x000000000800104c                Kd_Seperate
 .text.Kff_Seperate
                0x000000000800108c       0x40 ./Core/Src/main.o
                0x000000000800108c                Kff_Seperate
 .text.EEPROMWrite
                0x00000000080010cc       0xdc ./Core/Src/main.o
                0x00000000080010cc                EEPROMWrite
 .text.EEPROMRead
                0x00000000080011a8       0x4c ./Core/Src/main.o
                0x00000000080011a8                EEPROMRead
 .text.SPITxRx_Setup
                0x00000000080011f4       0x2c ./Core/Src/main.o
                0x00000000080011f4                SPITxRx_Setup
 .text.SPITxRx_readIO
                0x0000000008001220       0x54 ./Core/Src/main.o
                0x0000000008001220                SPITxRx_readIO
 .text.setOutputGPIOB
                0x0000000008001274       0x50 ./Core/Src/main.o
                0x0000000008001274                setOutputGPIOB
 .text.SPITxRx_writeIO
                0x00000000080012c4      0x184 ./Core/Src/main.o
                0x00000000080012c4                SPITxRx_writeIO
 .text.HAL_SPI_TxRxCpltCallback
                0x0000000008001448       0x20 ./Core/Src/main.o
                0x0000000008001448                HAL_SPI_TxRxCpltCallback
 .text.Set_SPI_LED
                0x0000000008001468       0x60 ./Core/Src/main.o
                0x0000000008001468                Set_SPI_LED
 .text.Error_Handler
                0x00000000080014c8        0xa ./Core/Src/main.o
                0x00000000080014c8                Error_Handler
 *fill*         0x00000000080014d2        0x2 
 .text.HAL_MspInit
                0x00000000080014d4       0x50 ./Core/Src/stm32f4xx_hal_msp.o
                0x00000000080014d4                HAL_MspInit
 .text.HAL_ADC_MspInit
                0x0000000008001524       0xf0 ./Core/Src/stm32f4xx_hal_msp.o
                0x0000000008001524                HAL_ADC_MspInit
 .text.HAL_I2C_MspInit
                0x0000000008001614      0x320 ./Core/Src/stm32f4xx_hal_msp.o
                0x0000000008001614                HAL_I2C_MspInit
 .text.HAL_SPI_MspInit
                0x0000000008001934      0x15c ./Core/Src/stm32f4xx_hal_msp.o
                0x0000000008001934                HAL_SPI_MspInit
 .text.HAL_UART_MspInit
                0x0000000008001a90      0x16c ./Core/Src/stm32f4xx_hal_msp.o
                0x0000000008001a90                HAL_UART_MspInit
 .text.NMI_Handler
                0x0000000008001bfc        0x6 ./Core/Src/stm32f4xx_it.o
                0x0000000008001bfc                NMI_Handler
 .text.HardFault_Handler
                0x0000000008001c02        0x6 ./Core/Src/stm32f4xx_it.o
                0x0000000008001c02                HardFault_Handler
 .text.MemManage_Handler
                0x0000000008001c08        0x6 ./Core/Src/stm32f4xx_it.o
                0x0000000008001c08                MemManage_Handler
 .text.BusFault_Handler
                0x0000000008001c0e        0x6 ./Core/Src/stm32f4xx_it.o
                0x0000000008001c0e                BusFault_Handler
 .text.UsageFault_Handler
                0x0000000008001c14        0x6 ./Core/Src/stm32f4xx_it.o
                0x0000000008001c14                UsageFault_Handler
 .text.SVC_Handler
                0x0000000008001c1a        0xe ./Core/Src/stm32f4xx_it.o
                0x0000000008001c1a                SVC_Handler
 .text.DebugMon_Handler
                0x0000000008001c28        0xe ./Core/Src/stm32f4xx_it.o
                0x0000000008001c28                DebugMon_Handler
 .text.PendSV_Handler
                0x0000000008001c36        0xe ./Core/Src/stm32f4xx_it.o
                0x0000000008001c36                PendSV_Handler
 .text.SysTick_Handler
                0x0000000008001c44        0xc ./Core/Src/stm32f4xx_it.o
                0x0000000008001c44                SysTick_Handler
 .text.DMA1_Stream0_IRQHandler
                0x0000000008001c50       0x14 ./Core/Src/stm32f4xx_it.o
                0x0000000008001c50                DMA1_Stream0_IRQHandler
 .text.DMA1_Stream1_IRQHandler
                0x0000000008001c64       0x14 ./Core/Src/stm32f4xx_it.o
                0x0000000008001c64                DMA1_Stream1_IRQHandler
 .text.DMA1_Stream2_IRQHandler
                0x0000000008001c78       0x14 ./Core/Src/stm32f4xx_it.o
                0x0000000008001c78                DMA1_Stream2_IRQHandler
 .text.DMA1_Stream4_IRQHandler
                0x0000000008001c8c       0x14 ./Core/Src/stm32f4xx_it.o
                0x0000000008001c8c                DMA1_Stream4_IRQHandler
 .text.DMA1_Stream5_IRQHandler
                0x0000000008001ca0       0x14 ./Core/Src/stm32f4xx_it.o
                0x0000000008001ca0                DMA1_Stream5_IRQHandler
 .text.DMA1_Stream6_IRQHandler
                0x0000000008001cb4       0x14 ./Core/Src/stm32f4xx_it.o
                0x0000000008001cb4                DMA1_Stream6_IRQHandler
 .text.I2C1_EV_IRQHandler
                0x0000000008001cc8       0x14 ./Core/Src/stm32f4xx_it.o
                0x0000000008001cc8                I2C1_EV_IRQHandler
 .text.I2C1_ER_IRQHandler
                0x0000000008001cdc       0x14 ./Core/Src/stm32f4xx_it.o
                0x0000000008001cdc                I2C1_ER_IRQHandler
 .text.SPI2_IRQHandler
                0x0000000008001cf0       0x14 ./Core/Src/stm32f4xx_it.o
                0x0000000008001cf0                SPI2_IRQHandler
 .text.USART2_IRQHandler
                0x0000000008001d04       0x14 ./Core/Src/stm32f4xx_it.o
                0x0000000008001d04                USART2_IRQHandler
 .text.SPI3_IRQHandler
                0x0000000008001d18       0x14 ./Core/Src/stm32f4xx_it.o
                0x0000000008001d18                SPI3_IRQHandler
 .text.DMA2_Stream0_IRQHandler
                0x0000000008001d2c       0x14 ./Core/Src/stm32f4xx_it.o
                0x0000000008001d2c                DMA2_Stream0_IRQHandler
 .text.I2C3_EV_IRQHandler
                0x0000000008001d40       0x14 ./Core/Src/stm32f4xx_it.o
                0x0000000008001d40                I2C3_EV_IRQHandler
 .text.I2C3_ER_IRQHandler
                0x0000000008001d54       0x14 ./Core/Src/stm32f4xx_it.o
                0x0000000008001d54                I2C3_ER_IRQHandler
 .text._sbrk    0x0000000008001d68       0x6c ./Core/Src/sysmem.o
                0x0000000008001d68                _sbrk
 .text.SystemInit
                0x0000000008001dd4       0x24 ./Core/Src/system_stm32f4xx.o
                0x0000000008001dd4                SystemInit
 .text.Reset_Handler
                0x0000000008001df8       0x50 ./Core/Startup/startup_stm32f411retx.o
                0x0000000008001df8                Reset_Handler
 .text.Default_Handler
                0x0000000008001e48        0x2 ./Core/Startup/startup_stm32f411retx.o
                0x0000000008001e48                RTC_Alarm_IRQHandler
                0x0000000008001e48                EXTI2_IRQHandler
                0x0000000008001e48                SPI4_IRQHandler
                0x0000000008001e48                TIM1_CC_IRQHandler
                0x0000000008001e48                DMA2_Stream5_IRQHandler
                0x0000000008001e48                PVD_IRQHandler
                0x0000000008001e48                SDIO_IRQHandler
                0x0000000008001e48                TAMP_STAMP_IRQHandler
                0x0000000008001e48                EXTI3_IRQHandler
                0x0000000008001e48                TIM1_UP_TIM10_IRQHandler
                0x0000000008001e48                EXTI0_IRQHandler
                0x0000000008001e48                I2C2_EV_IRQHandler
                0x0000000008001e48                FPU_IRQHandler
                0x0000000008001e48                DMA2_Stream2_IRQHandler
                0x0000000008001e48                SPI1_IRQHandler
                0x0000000008001e48                TIM1_BRK_TIM9_IRQHandler
                0x0000000008001e48                DMA2_Stream3_IRQHandler
                0x0000000008001e48                USART6_IRQHandler
                0x0000000008001e48                TIM4_IRQHandler
                0x0000000008001e48                TIM3_IRQHandler
                0x0000000008001e48                RCC_IRQHandler
                0x0000000008001e48                Default_Handler
                0x0000000008001e48                EXTI15_10_IRQHandler
                0x0000000008001e48                ADC_IRQHandler
                0x0000000008001e48                DMA1_Stream7_IRQHandler
                0x0000000008001e48                SPI5_IRQHandler
                0x0000000008001e48                TIM5_IRQHandler
                0x0000000008001e48                DMA2_Stream7_IRQHandler
                0x0000000008001e48                EXTI9_5_IRQHandler
                0x0000000008001e48                RTC_WKUP_IRQHandler
                0x0000000008001e48                EXTI4_IRQHandler
                0x0000000008001e48                WWDG_IRQHandler
                0x0000000008001e48                TIM2_IRQHandler
                0x0000000008001e48                OTG_FS_WKUP_IRQHandler
                0x0000000008001e48                TIM1_TRG_COM_TIM11_IRQHandler
                0x0000000008001e48                EXTI1_IRQHandler
                0x0000000008001e48                I2C2_ER_IRQHandler
                0x0000000008001e48                DMA2_Stream1_IRQHandler
                0x0000000008001e48                FLASH_IRQHandler
                0x0000000008001e48                DMA2_Stream4_IRQHandler
                0x0000000008001e48                USART1_IRQHandler
                0x0000000008001e48                OTG_FS_IRQHandler
                0x0000000008001e48                DMA2_Stream6_IRQHandler
                0x0000000008001e48                DMA1_Stream3_IRQHandler
 *fill*         0x0000000008001e4a        0x2 
 .text.HAL_Init
                0x0000000008001e4c       0x44 ./Drivers/STM32F4xx_HAL_Driver/Src/stm32f4xx_hal.o
                0x0000000008001e4c                HAL_Init
 .text.HAL_InitTick
                0x0000000008001e90       0x60 ./Drivers/STM32F4xx_HAL_Driver/Src/stm32f4xx_hal.o
                0x0000000008001e90                HAL_InitTick
 .text.HAL_IncTick
                0x0000000008001ef0       0x28 ./Drivers/STM32F4xx_HAL_Driver/Src/stm32f4xx_hal.o
                0x0000000008001ef0                HAL_IncTick
 .text.HAL_GetTick
                0x0000000008001f18       0x18 ./Drivers/STM32F4xx_HAL_Driver/Src/stm32f4xx_hal.o
                0x0000000008001f18                HAL_GetTick
 .text.HAL_Delay
                0x0000000008001f30       0x48 ./Drivers/STM32F4xx_HAL_Driver/Src/stm32f4xx_hal.o
                0x0000000008001f30                HAL_Delay
 .text.HAL_ADC_Init
                0x0000000008001f78       0x86 ./Drivers/STM32F4xx_HAL_Driver/Src/stm32f4xx_hal_adc.o
                0x0000000008001f78                HAL_ADC_Init
 *fill*         0x0000000008001ffe        0x2 
 .text.HAL_ADC_ConfigChannel
                0x0000000008002000      0x264 ./Drivers/STM32F4xx_HAL_Driver/Src/stm32f4xx_hal_adc.o
                0x0000000008002000                HAL_ADC_ConfigChannel
 .text.ADC_Init
                0x0000000008002264      0x1f8 ./Drivers/STM32F4xx_HAL_Driver/Src/stm32f4xx_hal_adc.o
 .text.__NVIC_SetPriorityGrouping
                0x000000000800245c       0x48 ./Drivers/STM32F4xx_HAL_Driver/Src/stm32f4xx_hal_cortex.o
 .text.__NVIC_GetPriorityGrouping
                0x00000000080024a4       0x1c ./Drivers/STM32F4xx_HAL_Driver/Src/stm32f4xx_hal_cortex.o
 .text.__NVIC_EnableIRQ
                0x00000000080024c0       0x3c ./Drivers/STM32F4xx_HAL_Driver/Src/stm32f4xx_hal_cortex.o
 .text.__NVIC_SetPriority
                0x00000000080024fc       0x54 ./Drivers/STM32F4xx_HAL_Driver/Src/stm32f4xx_hal_cortex.o
 .text.NVIC_EncodePriority
                0x0000000008002550       0x66 ./Drivers/STM32F4xx_HAL_Driver/Src/stm32f4xx_hal_cortex.o
 *fill*         0x00000000080025b6        0x2 
 .text.SysTick_Config
                0x00000000080025b8       0x44 ./Drivers/STM32F4xx_HAL_Driver/Src/stm32f4xx_hal_cortex.o
 .text.HAL_NVIC_SetPriorityGrouping
                0x00000000080025fc       0x16 ./Drivers/STM32F4xx_HAL_Driver/Src/stm32f4xx_hal_cortex.o
                0x00000000080025fc                HAL_NVIC_SetPriorityGrouping
 .text.HAL_NVIC_SetPriority
                0x0000000008002612       0x38 ./Drivers/STM32F4xx_HAL_Driver/Src/stm32f4xx_hal_cortex.o
                0x0000000008002612                HAL_NVIC_SetPriority
 .text.HAL_NVIC_EnableIRQ
                0x000000000800264a       0x1c ./Drivers/STM32F4xx_HAL_Driver/Src/stm32f4xx_hal_cortex.o
                0x000000000800264a                HAL_NVIC_EnableIRQ
 .text.HAL_SYSTICK_Config
                0x0000000008002666       0x18 ./Drivers/STM32F4xx_HAL_Driver/Src/stm32f4xx_hal_cortex.o
                0x0000000008002666                HAL_SYSTICK_Config
 *fill*         0x000000000800267e        0x2 
 .text.HAL_DMA_Init
                0x0000000008002680      0x15c ./Drivers/STM32F4xx_HAL_Driver/Src/stm32f4xx_hal_dma.o
                0x0000000008002680                HAL_DMA_Init
 .text.HAL_DMA_Start_IT
                0x00000000080027dc       0xb0 ./Drivers/STM32F4xx_HAL_Driver/Src/stm32f4xx_hal_dma.o
                0x00000000080027dc                HAL_DMA_Start_IT
 .text.HAL_DMA_Abort
                0x000000000800288c       0xe0 ./Drivers/STM32F4xx_HAL_Driver/Src/stm32f4xx_hal_dma.o
                0x000000000800288c                HAL_DMA_Abort
 .text.HAL_DMA_Abort_IT
                0x000000000800296c       0x44 ./Drivers/STM32F4xx_HAL_Driver/Src/stm32f4xx_hal_dma.o
                0x000000000800296c                HAL_DMA_Abort_IT
 .text.HAL_DMA_IRQHandler
                0x00000000080029b0      0x314 ./Drivers/STM32F4xx_HAL_Driver/Src/stm32f4xx_hal_dma.o
                0x00000000080029b0                HAL_DMA_IRQHandler
 .text.HAL_DMA_GetState
                0x0000000008002cc4       0x1c ./Drivers/STM32F4xx_HAL_Driver/Src/stm32f4xx_hal_dma.o
                0x0000000008002cc4                HAL_DMA_GetState
 .text.DMA_SetConfig
                0x0000000008002ce0       0x5c ./Drivers/STM32F4xx_HAL_Driver/Src/stm32f4xx_hal_dma.o
 .text.DMA_CalcBaseAndBitshift
                0x0000000008002d3c       0x6c ./Drivers/STM32F4xx_HAL_Driver/Src/stm32f4xx_hal_dma.o
 .text.DMA_CheckFifoParam
                0x0000000008002da8       0xf8 ./Drivers/STM32F4xx_HAL_Driver/Src/stm32f4xx_hal_dma.o
 .text.HAL_GPIO_Init
                0x0000000008002ea0      0x308 ./Drivers/STM32F4xx_HAL_Driver/Src/stm32f4xx_hal_gpio.o
                0x0000000008002ea0                HAL_GPIO_Init
 .text.HAL_GPIO_ReadPin
                0x00000000080031a8       0x30 ./Drivers/STM32F4xx_HAL_Driver/Src/stm32f4xx_hal_gpio.o
                0x00000000080031a8                HAL_GPIO_ReadPin
 .text.HAL_GPIO_WritePin
                0x00000000080031d8       0x32 ./Drivers/STM32F4xx_HAL_Driver/Src/stm32f4xx_hal_gpio.o
                0x00000000080031d8                HAL_GPIO_WritePin
 *fill*         0x000000000800320a        0x2 
 .text.HAL_I2C_Init
                0x000000000800320c      0x288 ./Drivers/STM32F4xx_HAL_Driver/Src/stm32f4xx_hal_i2c.o
                0x000000000800320c                HAL_I2C_Init
 .text.HAL_I2C_Mem_Write_IT
                0x0000000008003494      0x164 ./Drivers/STM32F4xx_HAL_Driver/Src/stm32f4xx_hal_i2c.o
                0x0000000008003494                HAL_I2C_Mem_Write_IT
 .text.HAL_I2C_Mem_Read_IT
                0x00000000080035f8      0x17c ./Drivers/STM32F4xx_HAL_Driver/Src/stm32f4xx_hal_i2c.o
                0x00000000080035f8                HAL_I2C_Mem_Read_IT
 .text.HAL_I2C_EV_IRQHandler
                0x0000000008003774      0x2e2 ./Drivers/STM32F4xx_HAL_Driver/Src/stm32f4xx_hal_i2c.o
                0x0000000008003774                HAL_I2C_EV_IRQHandler
 .text.HAL_I2C_ER_IRQHandler
                0x0000000008003a56      0x14e ./Drivers/STM32F4xx_HAL_Driver/Src/stm32f4xx_hal_i2c.o
                0x0000000008003a56                HAL_I2C_ER_IRQHandler
 .text.HAL_I2C_MasterTxCpltCallback
                0x0000000008003ba4       0x14 ./Drivers/STM32F4xx_HAL_Driver/Src/stm32f4xx_hal_i2c.o
                0x0000000008003ba4                HAL_I2C_MasterTxCpltCallback
 .text.HAL_I2C_MasterRxCpltCallback
                0x0000000008003bb8       0x14 ./Drivers/STM32F4xx_HAL_Driver/Src/stm32f4xx_hal_i2c.o
                0x0000000008003bb8                HAL_I2C_MasterRxCpltCallback
 .text.HAL_I2C_SlaveTxCpltCallback
                0x0000000008003bcc       0x14 ./Drivers/STM32F4xx_HAL_Driver/Src/stm32f4xx_hal_i2c.o
                0x0000000008003bcc                HAL_I2C_SlaveTxCpltCallback
 .text.HAL_I2C_SlaveRxCpltCallback
                0x0000000008003be0       0x14 ./Drivers/STM32F4xx_HAL_Driver/Src/stm32f4xx_hal_i2c.o
                0x0000000008003be0                HAL_I2C_SlaveRxCpltCallback
 .text.HAL_I2C_AddrCallback
                0x0000000008003bf4       0x1c ./Drivers/STM32F4xx_HAL_Driver/Src/stm32f4xx_hal_i2c.o
                0x0000000008003bf4                HAL_I2C_AddrCallback
 .text.HAL_I2C_ListenCpltCallback
                0x0000000008003c10       0x14 ./Drivers/STM32F4xx_HAL_Driver/Src/stm32f4xx_hal_i2c.o
                0x0000000008003c10                HAL_I2C_ListenCpltCallback
 .text.HAL_I2C_MemTxCpltCallback
                0x0000000008003c24       0x14 ./Drivers/STM32F4xx_HAL_Driver/Src/stm32f4xx_hal_i2c.o
                0x0000000008003c24                HAL_I2C_MemTxCpltCallback
 .text.HAL_I2C_MemRxCpltCallback
                0x0000000008003c38       0x14 ./Drivers/STM32F4xx_HAL_Driver/Src/stm32f4xx_hal_i2c.o
                0x0000000008003c38                HAL_I2C_MemRxCpltCallback
 .text.HAL_I2C_ErrorCallback
                0x0000000008003c4c       0x14 ./Drivers/STM32F4xx_HAL_Driver/Src/stm32f4xx_hal_i2c.o
                0x0000000008003c4c                HAL_I2C_ErrorCallback
 .text.HAL_I2C_AbortCpltCallback
                0x0000000008003c60       0x14 ./Drivers/STM32F4xx_HAL_Driver/Src/stm32f4xx_hal_i2c.o
                0x0000000008003c60                HAL_I2C_AbortCpltCallback
 .text.I2C_MasterTransmit_TXE
                0x0000000008003c74      0x138 ./Drivers/STM32F4xx_HAL_Driver/Src/stm32f4xx_hal_i2c.o
 .text.I2C_MasterTransmit_BTF
                0x0000000008003dac       0xec ./Drivers/STM32F4xx_HAL_Driver/Src/stm32f4xx_hal_i2c.o
 .text.I2C_MemoryTransmit_TXE_BTF
                0x0000000008003e98      0x128 ./Drivers/STM32F4xx_HAL_Driver/Src/stm32f4xx_hal_i2c.o
 .text.I2C_MasterReceive_RXNE
                0x0000000008003fc0      0x176 ./Drivers/STM32F4xx_HAL_Driver/Src/stm32f4xx_hal_i2c.o
 .text.I2C_MasterReceive_BTF
                0x0000000008004136      0x1d4 ./Drivers/STM32F4xx_HAL_Driver/Src/stm32f4xx_hal_i2c.o
 .text.I2C_Master_SB
                0x000000000800430a      0x10c ./Drivers/STM32F4xx_HAL_Driver/Src/stm32f4xx_hal_i2c.o
 .text.I2C_Master_ADD10
                0x0000000008004416       0x54 ./Drivers/STM32F4xx_HAL_Driver/Src/stm32f4xx_hal_i2c.o
 .text.I2C_Master_ADDR
                0x000000000800446a      0x322 ./Drivers/STM32F4xx_HAL_Driver/Src/stm32f4xx_hal_i2c.o
 .text.I2C_SlaveTransmit_TXE
                0x000000000800478c       0x7a ./Drivers/STM32F4xx_HAL_Driver/Src/stm32f4xx_hal_i2c.o
 .text.I2C_SlaveTransmit_BTF
                0x0000000008004806       0x42 ./Drivers/STM32F4xx_HAL_Driver/Src/stm32f4xx_hal_i2c.o
 .text.I2C_SlaveReceive_RXNE
                0x0000000008004848       0x7c ./Drivers/STM32F4xx_HAL_Driver/Src/stm32f4xx_hal_i2c.o
 .text.I2C_SlaveReceive_BTF
                0x00000000080048c4       0x44 ./Drivers/STM32F4xx_HAL_Driver/Src/stm32f4xx_hal_i2c.o
 .text.I2C_Slave_ADDR
                0x0000000008004908       0x94 ./Drivers/STM32F4xx_HAL_Driver/Src/stm32f4xx_hal_i2c.o
 .text.I2C_Slave_STOPF
                0x000000000800499c      0x260 ./Drivers/STM32F4xx_HAL_Driver/Src/stm32f4xx_hal_i2c.o
 .text.I2C_Slave_AF
                0x0000000008004bfc       0xe0 ./Drivers/STM32F4xx_HAL_Driver/Src/stm32f4xx_hal_i2c.o
 .text.I2C_ITError
                0x0000000008004cdc      0x264 ./Drivers/STM32F4xx_HAL_Driver/Src/stm32f4xx_hal_i2c.o
 .text.I2C_DMAAbort
                0x0000000008004f40      0x150 ./Drivers/STM32F4xx_HAL_Driver/Src/stm32f4xx_hal_i2c.o
 .text.I2C_WaitOnSTOPRequestThroughIT
                0x0000000008005090       0x64 ./Drivers/STM32F4xx_HAL_Driver/Src/stm32f4xx_hal_i2c.o
 .text.I2C_ConvertOtherXferOptions
                0x00000000080050f4       0x36 ./Drivers/STM32F4xx_HAL_Driver/Src/stm32f4xx_hal_i2c.o
 *fill*         0x000000000800512a        0x2 
 .text.HAL_RCC_OscConfig
                0x000000000800512c      0x4f0 ./Drivers/STM32F4xx_HAL_Driver/Src/stm32f4xx_hal_rcc.o
                0x000000000800512c                HAL_RCC_OscConfig
 .text.HAL_RCC_ClockConfig
                0x000000000800561c      0x1cc ./Drivers/STM32F4xx_HAL_Driver/Src/stm32f4xx_hal_rcc.o
                0x000000000800561c                HAL_RCC_ClockConfig
 .text.HAL_RCC_GetSysClockFreq
                0x00000000080057e8      0x20c ./Drivers/STM32F4xx_HAL_Driver/Src/stm32f4xx_hal_rcc.o
                0x00000000080057e8                HAL_RCC_GetSysClockFreq
 .text.HAL_RCC_GetHCLKFreq
                0x00000000080059f4       0x18 ./Drivers/STM32F4xx_HAL_Driver/Src/stm32f4xx_hal_rcc.o
                0x00000000080059f4                HAL_RCC_GetHCLKFreq
 .text.HAL_RCC_GetPCLK1Freq
                0x0000000008005a0c       0x28 ./Drivers/STM32F4xx_HAL_Driver/Src/stm32f4xx_hal_rcc.o
                0x0000000008005a0c                HAL_RCC_GetPCLK1Freq
 .text.HAL_RCC_GetPCLK2Freq
                0x0000000008005a34       0x28 ./Drivers/STM32F4xx_HAL_Driver/Src/stm32f4xx_hal_rcc.o
                0x0000000008005a34                HAL_RCC_GetPCLK2Freq
 .text.HAL_SPI_Init
                0x0000000008005a5c      0x112 ./Drivers/STM32F4xx_HAL_Driver/Src/stm32f4xx_hal_spi.o
                0x0000000008005a5c                HAL_SPI_Init
 *fill*         0x0000000008005b6e        0x2 
 .text.HAL_SPI_TransmitReceive_IT
                0x0000000008005b70      0x128 ./Drivers/STM32F4xx_HAL_Driver/Src/stm32f4xx_hal_spi.o
                0x0000000008005b70                HAL_SPI_TransmitReceive_IT
 .text.HAL_SPI_IRQHandler
                0x0000000008005c98      0x200 ./Drivers/STM32F4xx_HAL_Driver/Src/stm32f4xx_hal_spi.o
                0x0000000008005c98                HAL_SPI_IRQHandler
 .text.HAL_SPI_RxCpltCallback
                0x0000000008005e98       0x14 ./Drivers/STM32F4xx_HAL_Driver/Src/stm32f4xx_hal_spi.o
                0x0000000008005e98                HAL_SPI_RxCpltCallback
 .text.HAL_SPI_ErrorCallback
                0x0000000008005eac       0x14 ./Drivers/STM32F4xx_HAL_Driver/Src/stm32f4xx_hal_spi.o
                0x0000000008005eac                HAL_SPI_ErrorCallback
 .text.SPI_DMAAbortOnError
                0x0000000008005ec0       0x28 ./Drivers/STM32F4xx_HAL_Driver/Src/stm32f4xx_hal_spi.o
 .text.SPI_2linesRxISR_8BIT
                0x0000000008005ee8       0x64 ./Drivers/STM32F4xx_HAL_Driver/Src/stm32f4xx_hal_spi.o
 .text.SPI_2linesTxISR_8BIT
                0x0000000008005f4c       0x60 ./Drivers/STM32F4xx_HAL_Driver/Src/stm32f4xx_hal_spi.o
 .text.SPI_2linesRxISR_16BIT
                0x0000000008005fac       0x60 ./Drivers/STM32F4xx_HAL_Driver/Src/stm32f4xx_hal_spi.o
 .text.SPI_2linesTxISR_16BIT
                0x000000000800600c       0x5e ./Drivers/STM32F4xx_HAL_Driver/Src/stm32f4xx_hal_spi.o
 *fill*         0x000000000800606a        0x2 
 .text.SPI_WaitFlagStateUntilTimeout
                0x000000000800606c      0x110 ./Drivers/STM32F4xx_HAL_Driver/Src/stm32f4xx_hal_spi.o
 .text.SPI_EndRxTxTransaction
                0x000000000800617c       0x84 ./Drivers/STM32F4xx_HAL_Driver/Src/stm32f4xx_hal_spi.o
 .text.SPI_CloseRxTx_ISR
                0x0000000008006200       0xe8 ./Drivers/STM32F4xx_HAL_Driver/Src/stm32f4xx_hal_spi.o
 .text.HAL_UART_Init
                0x00000000080062e8       0x9a ./Drivers/STM32F4xx_HAL_Driver/Src/stm32f4xx_hal_uart.o
                0x00000000080062e8                HAL_UART_Init
 .text.HAL_UART_Transmit
                0x0000000008006382      0x124 ./Drivers/STM32F4xx_HAL_Driver/Src/stm32f4xx_hal_uart.o
                0x0000000008006382                HAL_UART_Transmit
 *fill*         0x00000000080064a6        0x2 
 .text.HAL_UART_Transmit_DMA
                0x00000000080064a8       0xfc ./Drivers/STM32F4xx_HAL_Driver/Src/stm32f4xx_hal_uart.o
                0x00000000080064a8                HAL_UART_Transmit_DMA
 .text.HAL_UART_Receive_DMA
                0x00000000080065a4       0x60 ./Drivers/STM32F4xx_HAL_Driver/Src/stm32f4xx_hal_uart.o
                0x00000000080065a4                HAL_UART_Receive_DMA
 .text.HAL_UART_IRQHandler
                0x0000000008006604      0x51c ./Drivers/STM32F4xx_HAL_Driver/Src/stm32f4xx_hal_uart.o
                0x0000000008006604                HAL_UART_IRQHandler
 .text.HAL_UART_TxCpltCallback
                0x0000000008006b20       0x14 ./Drivers/STM32F4xx_HAL_Driver/Src/stm32f4xx_hal_uart.o
                0x0000000008006b20                HAL_UART_TxCpltCallback
 .text.HAL_UART_TxHalfCpltCallback
                0x0000000008006b34       0x14 ./Drivers/STM32F4xx_HAL_Driver/Src/stm32f4xx_hal_uart.o
                0x0000000008006b34                HAL_UART_TxHalfCpltCallback
 .text.HAL_UART_RxHalfCpltCallback
                0x0000000008006b48       0x14 ./Drivers/STM32F4xx_HAL_Driver/Src/stm32f4xx_hal_uart.o
                0x0000000008006b48                HAL_UART_RxHalfCpltCallback
 .text.HAL_UART_ErrorCallback
                0x0000000008006b5c       0x14 ./Drivers/STM32F4xx_HAL_Driver/Src/stm32f4xx_hal_uart.o
                0x0000000008006b5c                HAL_UART_ErrorCallback
 .text.HAL_UARTEx_RxEventCallback
                0x0000000008006b70       0x18 ./Drivers/STM32F4xx_HAL_Driver/Src/stm32f4xx_hal_uart.o
                0x0000000008006b70                HAL_UARTEx_RxEventCallback
 .text.UART_DMATransmitCplt
                0x0000000008006b88       0x9a ./Drivers/STM32F4xx_HAL_Driver/Src/stm32f4xx_hal_uart.o
 .text.UART_DMATxHalfCplt
                0x0000000008006c22       0x1c ./Drivers/STM32F4xx_HAL_Driver/Src/stm32f4xx_hal_uart.o
 .text.UART_DMAReceiveCplt
                0x0000000008006c3e      0x126 ./Drivers/STM32F4xx_HAL_Driver/Src/stm32f4xx_hal_uart.o
 .text.UART_DMARxHalfCplt
                0x0000000008006d64       0x36 ./Drivers/STM32F4xx_HAL_Driver/Src/stm32f4xx_hal_uart.o
 .text.UART_DMAError
                0x0000000008006d9a       0x94 ./Drivers/STM32F4xx_HAL_Driver/Src/stm32f4xx_hal_uart.o
 .text.UART_WaitOnFlagUntilTimeout
                0x0000000008006e2e       0xdc ./Drivers/STM32F4xx_HAL_Driver/Src/stm32f4xx_hal_uart.o
 *fill*         0x0000000008006f0a        0x2 
 .text.UART_Start_Receive_DMA
                0x0000000008006f0c      0x13c ./Drivers/STM32F4xx_HAL_Driver/Src/stm32f4xx_hal_uart.o
                0x0000000008006f0c                UART_Start_Receive_DMA
 .text.UART_EndTxTransfer
                0x0000000008007048       0x50 ./Drivers/STM32F4xx_HAL_Driver/Src/stm32f4xx_hal_uart.o
 .text.UART_EndRxTransfer
                0x0000000008007098       0xc6 ./Drivers/STM32F4xx_HAL_Driver/Src/stm32f4xx_hal_uart.o
 .text.UART_DMAAbortOnError
                0x000000000800715e       0x28 ./Drivers/STM32F4xx_HAL_Driver/Src/stm32f4xx_hal_uart.o
 .text.UART_Transmit_IT
                0x0000000008007186       0xa0 ./Drivers/STM32F4xx_HAL_Driver/Src/stm32f4xx_hal_uart.o
 .text.UART_EndTransmit_IT
                0x0000000008007226       0x30 ./Drivers/STM32F4xx_HAL_Driver/Src/stm32f4xx_hal_uart.o
 .text.UART_Receive_IT
                0x0000000008007256      0x176 ./Drivers/STM32F4xx_HAL_Driver/Src/stm32f4xx_hal_uart.o
 .text.UART_SetConfig
                0x00000000080073cc      0x4e8 ./Drivers/STM32F4xx_HAL_Driver/Src/stm32f4xx_hal_uart.o
 .text.__errno  0x00000000080078b4        0xc c:/st/stm32cubeide_1.11.0/stm32cubeide/plugins/com.st.stm32cube.ide.mcu.externaltools.gnu-tools-for-stm32.10.3-2021.10.win32_1.0.100.202210260954/tools/bin/../lib/gcc/arm-none-eabi/10.3.1/../../../../arm-none-eabi/lib/thumb/v7e-m+fp/hard\libc_nano.a(lib_a-errno.o)
                0x00000000080078b4                __errno
 .text.__libc_init_array
                0x00000000080078c0       0x48 c:/st/stm32cubeide_1.11.0/stm32cubeide/plugins/com.st.stm32cube.ide.mcu.externaltools.gnu-tools-for-stm32.10.3-2021.10.win32_1.0.100.202210260954/tools/bin/../lib/gcc/arm-none-eabi/10.3.1/../../../../arm-none-eabi/lib/thumb/v7e-m+fp/hard\libc_nano.a(lib_a-init.o)
                0x00000000080078c0                __libc_init_array
 .text.memset   0x0000000008007908       0x10 c:/st/stm32cubeide_1.11.0/stm32cubeide/plugins/com.st.stm32cube.ide.mcu.externaltools.gnu-tools-for-stm32.10.3-2021.10.win32_1.0.100.202210260954/tools/bin/../lib/gcc/arm-none-eabi/10.3.1/../../../../arm-none-eabi/lib/thumb/v7e-m+fp/hard\libc_nano.a(lib_a-memset.o)
                0x0000000008007908                memset
 .text.sprintf  0x0000000008007918       0x40 c:/st/stm32cubeide_1.11.0/stm32cubeide/plugins/com.st.stm32cube.ide.mcu.externaltools.gnu-tools-for-stm32.10.3-2021.10.win32_1.0.100.202210260954/tools/bin/../lib/gcc/arm-none-eabi/10.3.1/../../../../arm-none-eabi/lib/thumb/v7e-m+fp/hard\libc_nano.a(lib_a-sprintf.o)
                0x0000000008007918                siprintf
                0x0000000008007918                sprintf
 .text.__ssputs_r
                0x0000000008007958       0xb6 c:/st/stm32cubeide_1.11.0/stm32cubeide/plugins/com.st.stm32cube.ide.mcu.externaltools.gnu-tools-for-stm32.10.3-2021.10.win32_1.0.100.202210260954/tools/bin/../lib/gcc/arm-none-eabi/10.3.1/../../../../arm-none-eabi/lib/thumb/v7e-m+fp/hard\libc_nano.a(lib_a-nano-svfprintf.o)
                0x0000000008007958                __ssputs_r
 *fill*         0x0000000008007a0e        0x2 
 .text._svfprintf_r
                0x0000000008007a10      0x200 c:/st/stm32cubeide_1.11.0/stm32cubeide/plugins/com.st.stm32cube.ide.mcu.externaltools.gnu-tools-for-stm32.10.3-2021.10.win32_1.0.100.202210260954/tools/bin/../lib/gcc/arm-none-eabi/10.3.1/../../../../arm-none-eabi/lib/thumb/v7e-m+fp/hard\libc_nano.a(lib_a-nano-svfprintf.o)
                0x0000000008007a10                _svfiprintf_r
                0x0000000008007a10                _svfprintf_r
 .text._printf_common
                0x0000000008007c10       0xda c:/st/stm32cubeide_1.11.0/stm32cubeide/plugins/com.st.stm32cube.ide.mcu.externaltools.gnu-tools-for-stm32.10.3-2021.10.win32_1.0.100.202210260954/tools/bin/../lib/gcc/arm-none-eabi/10.3.1/../../../../arm-none-eabi/lib/thumb/v7e-m+fp/hard\libc_nano.a(lib_a-nano-vfprintf_i.o)
                0x0000000008007c10                _printf_common
 *fill*         0x0000000008007cea        0x2 
 .text._printf_i
                0x0000000008007cec      0x24c c:/st/stm32cubeide_1.11.0/stm32cubeide/plugins/com.st.stm32cube.ide.mcu.externaltools.gnu-tools-for-stm32.10.3-2021.10.win32_1.0.100.202210260954/tools/bin/../lib/gcc/arm-none-eabi/10.3.1/../../../../arm-none-eabi/lib/thumb/v7e-m+fp/hard\libc_nano.a(lib_a-nano-vfprintf_i.o)
                0x0000000008007cec                _printf_i
 .text.memcpy   0x0000000008007f38       0x1c c:/st/stm32cubeide_1.11.0/stm32cubeide/plugins/com.st.stm32cube.ide.mcu.externaltools.gnu-tools-for-stm32.10.3-2021.10.win32_1.0.100.202210260954/tools/bin/../lib/gcc/arm-none-eabi/10.3.1/../../../../arm-none-eabi/lib/thumb/v7e-m+fp/hard\libc_nano.a(lib_a-memcpy-stub.o)
                0x0000000008007f38                memcpy
 .text.memmove  0x0000000008007f54       0x34 c:/st/stm32cubeide_1.11.0/stm32cubeide/plugins/com.st.stm32cube.ide.mcu.externaltools.gnu-tools-for-stm32.10.3-2021.10.win32_1.0.100.202210260954/tools/bin/../lib/gcc/arm-none-eabi/10.3.1/../../../../arm-none-eabi/lib/thumb/v7e-m+fp/hard\libc_nano.a(lib_a-memmove.o)
                0x0000000008007f54                memmove
 .text._free_r  0x0000000008007f88       0x98 c:/st/stm32cubeide_1.11.0/stm32cubeide/plugins/com.st.stm32cube.ide.mcu.externaltools.gnu-tools-for-stm32.10.3-2021.10.win32_1.0.100.202210260954/tools/bin/../lib/gcc/arm-none-eabi/10.3.1/../../../../arm-none-eabi/lib/thumb/v7e-m+fp/hard\libc_nano.a(lib_a-nano-freer.o)
                0x0000000008007f88                _free_r
 .text.sbrk_aligned
                0x0000000008008020       0x40 c:/st/stm32cubeide_1.11.0/stm32cubeide/plugins/com.st.stm32cube.ide.mcu.externaltools.gnu-tools-for-stm32.10.3-2021.10.win32_1.0.100.202210260954/tools/bin/../lib/gcc/arm-none-eabi/10.3.1/../../../../arm-none-eabi/lib/thumb/v7e-m+fp/hard\libc_nano.a(lib_a-nano-mallocr.o)
 .text._malloc_r
                0x0000000008008060       0xe8 c:/st/stm32cubeide_1.11.0/stm32cubeide/plugins/com.st.stm32cube.ide.mcu.externaltools.gnu-tools-for-stm32.10.3-2021.10.win32_1.0.100.202210260954/tools/bin/../lib/gcc/arm-none-eabi/10.3.1/../../../../arm-none-eabi/lib/thumb/v7e-m+fp/hard\libc_nano.a(lib_a-nano-mallocr.o)
                0x0000000008008060                _malloc_r
 .text._realloc_r
                0x0000000008008148       0x5e c:/st/stm32cubeide_1.11.0/stm32cubeide/plugins/com.st.stm32cube.ide.mcu.externaltools.gnu-tools-for-stm32.10.3-2021.10.win32_1.0.100.202210260954/tools/bin/../lib/gcc/arm-none-eabi/10.3.1/../../../../arm-none-eabi/lib/thumb/v7e-m+fp/hard\libc_nano.a(lib_a-nano-reallocr.o)
                0x0000000008008148                _realloc_r
 *fill*         0x00000000080081a6        0x2 
 .text._sbrk_r  0x00000000080081a8       0x20 c:/st/stm32cubeide_1.11.0/stm32cubeide/plugins/com.st.stm32cube.ide.mcu.externaltools.gnu-tools-for-stm32.10.3-2021.10.win32_1.0.100.202210260954/tools/bin/../lib/gcc/arm-none-eabi/10.3.1/../../../../arm-none-eabi/lib/thumb/v7e-m+fp/hard\libc_nano.a(lib_a-sbrkr.o)
                0x00000000080081a8                _sbrk_r
 .text.__malloc_lock
                0x00000000080081c8        0xc c:/st/stm32cubeide_1.11.0/stm32cubeide/plugins/com.st.stm32cube.ide.mcu.externaltools.gnu-tools-for-stm32.10.3-2021.10.win32_1.0.100.202210260954/tools/bin/../lib/gcc/arm-none-eabi/10.3.1/../../../../arm-none-eabi/lib/thumb/v7e-m+fp/hard\libc_nano.a(lib_a-mlock.o)
                0x00000000080081c8                __malloc_lock
 .text.__malloc_unlock
                0x00000000080081d4        0xc c:/st/stm32cubeide_1.11.0/stm32cubeide/plugins/com.st.stm32cube.ide.mcu.externaltools.gnu-tools-for-stm32.10.3-2021.10.win32_1.0.100.202210260954/tools/bin/../lib/gcc/arm-none-eabi/10.3.1/../../../../arm-none-eabi/lib/thumb/v7e-m+fp/hard\libc_nano.a(lib_a-mlock.o)
                0x00000000080081d4                __malloc_unlock
 .text._malloc_usable_size_r
                0x00000000080081e0       0x10 c:/st/stm32cubeide_1.11.0/stm32cubeide/plugins/com.st.stm32cube.ide.mcu.externaltools.gnu-tools-for-stm32.10.3-2021.10.win32_1.0.100.202210260954/tools/bin/../lib/gcc/arm-none-eabi/10.3.1/../../../../arm-none-eabi/lib/thumb/v7e-m+fp/hard\libc_nano.a(lib_a-nano-msizer.o)
                0x00000000080081e0                _malloc_usable_size_r
 .text.__retarget_lock_acquire_recursive
                0x00000000080081f0        0x2 c:/st/stm32cubeide_1.11.0/stm32cubeide/plugins/com.st.stm32cube.ide.mcu.externaltools.gnu-tools-for-stm32.10.3-2021.10.win32_1.0.100.202210260954/tools/bin/../lib/gcc/arm-none-eabi/10.3.1/../../../../arm-none-eabi/lib/thumb/v7e-m+fp/hard\libc_nano.a(lib_a-lock.o)
                0x00000000080081f0                __retarget_lock_acquire_recursive
 .text.__retarget_lock_release_recursive
                0x00000000080081f2        0x2 c:/st/stm32cubeide_1.11.0/stm32cubeide/plugins/com.st.stm32cube.ide.mcu.externaltools.gnu-tools-for-stm32.10.3-2021.10.win32_1.0.100.202210260954/tools/bin/../lib/gcc/arm-none-eabi/10.3.1/../../../../arm-none-eabi/lib/thumb/v7e-m+fp/hard\libc_nano.a(lib_a-lock.o)
                0x00000000080081f2                __retarget_lock_release_recursive
 *(.glue_7)
 .glue_7        0x00000000080081f4        0x0 linker stubs
 *(.glue_7t)
 .glue_7t       0x00000000080081f4        0x0 linker stubs
 *(.eh_frame)
 .eh_frame      0x00000000080081f4        0x0 c:/st/stm32cubeide_1.11.0/stm32cubeide/plugins/com.st.stm32cube.ide.mcu.externaltools.gnu-tools-for-stm32.10.3-2021.10.win32_1.0.100.202210260954/tools/bin/../lib/gcc/arm-none-eabi/10.3.1/thumb/v7e-m+fp/hard/crtbegin.o
 *(.init)
 .init          0x00000000080081f4        0x4 c:/st/stm32cubeide_1.11.0/stm32cubeide/plugins/com.st.stm32cube.ide.mcu.externaltools.gnu-tools-for-stm32.10.3-2021.10.win32_1.0.100.202210260954/tools/bin/../lib/gcc/arm-none-eabi/10.3.1/thumb/v7e-m+fp/hard/crti.o
                0x00000000080081f4                _init
 .init          0x00000000080081f8        0x8 c:/st/stm32cubeide_1.11.0/stm32cubeide/plugins/com.st.stm32cube.ide.mcu.externaltools.gnu-tools-for-stm32.10.3-2021.10.win32_1.0.100.202210260954/tools/bin/../lib/gcc/arm-none-eabi/10.3.1/thumb/v7e-m+fp/hard/crtn.o
 *(.fini)
 .fini          0x0000000008008200        0x4 c:/st/stm32cubeide_1.11.0/stm32cubeide/plugins/com.st.stm32cube.ide.mcu.externaltools.gnu-tools-for-stm32.10.3-2021.10.win32_1.0.100.202210260954/tools/bin/../lib/gcc/arm-none-eabi/10.3.1/thumb/v7e-m+fp/hard/crti.o
                0x0000000008008200                _fini
 .fini          0x0000000008008204        0x8 c:/st/stm32cubeide_1.11.0/stm32cubeide/plugins/com.st.stm32cube.ide.mcu.externaltools.gnu-tools-for-stm32.10.3-2021.10.win32_1.0.100.202210260954/tools/bin/../lib/gcc/arm-none-eabi/10.3.1/thumb/v7e-m+fp/hard/crtn.o
                0x000000000800820c                . = ALIGN (0x4)
                0x000000000800820c                _etext = .

.vfp11_veneer   0x000000000800820c        0x0
 .vfp11_veneer  0x000000000800820c        0x0 linker stubs

.v4_bx          0x000000000800820c        0x0
 .v4_bx         0x000000000800820c        0x0 linker stubs

.iplt           0x000000000800820c        0x0
 .iplt          0x000000000800820c        0x0 c:/st/stm32cubeide_1.11.0/stm32cubeide/plugins/com.st.stm32cube.ide.mcu.externaltools.gnu-tools-for-stm32.10.3-2021.10.win32_1.0.100.202210260954/tools/bin/../lib/gcc/arm-none-eabi/10.3.1/thumb/v7e-m+fp/hard/crtbegin.o

.rodata         0x000000000800820c       0xb4
                0x000000000800820c                . = ALIGN (0x4)
 *(.rodata)
 .rodata        0x000000000800820c       0x60 ./Core/Src/main.o
 *(.rodata*)
 .rodata.AHBPrescTable
                0x000000000800826c       0x10 ./Core/Src/system_stm32f4xx.o
                0x000000000800826c                AHBPrescTable
 .rodata.APBPrescTable
                0x000000000800827c        0x8 ./Core/Src/system_stm32f4xx.o
                0x000000000800827c                APBPrescTable
 .rodata.flagBitshiftOffset.0
                0x0000000008008284        0x8 ./Drivers/STM32F4xx_HAL_Driver/Src/stm32f4xx_hal_dma.o
 .rodata._svfprintf_r.str1.1
                0x000000000800828c       0x11 c:/st/stm32cubeide_1.11.0/stm32cubeide/plugins/com.st.stm32cube.ide.mcu.externaltools.gnu-tools-for-stm32.10.3-2021.10.win32_1.0.100.202210260954/tools/bin/../lib/gcc/arm-none-eabi/10.3.1/../../../../arm-none-eabi/lib/thumb/v7e-m+fp/hard\libc_nano.a(lib_a-nano-svfprintf.o)
 .rodata._printf_i.str1.1
                0x000000000800829d       0x22 c:/st/stm32cubeide_1.11.0/stm32cubeide/plugins/com.st.stm32cube.ide.mcu.externaltools.gnu-tools-for-stm32.10.3-2021.10.win32_1.0.100.202210260954/tools/bin/../lib/gcc/arm-none-eabi/10.3.1/../../../../arm-none-eabi/lib/thumb/v7e-m+fp/hard\libc_nano.a(lib_a-nano-vfprintf_i.o)
                0x00000000080082c0                . = ALIGN (0x4)
 *fill*         0x00000000080082bf        0x1 

.ARM.extab      0x00000000080082c0        0x0
                0x00000000080082c0                . = ALIGN (0x4)
 *(.ARM.extab* .gnu.linkonce.armextab.*)
                0x00000000080082c0                . = ALIGN (0x4)

.ARM            0x00000000080082c0        0x8
                0x00000000080082c0                . = ALIGN (0x4)
                0x00000000080082c0                __exidx_start = .
 *(.ARM.exidx*)
 .ARM.exidx     0x00000000080082c0        0x8 c:/st/stm32cubeide_1.11.0/stm32cubeide/plugins/com.st.stm32cube.ide.mcu.externaltools.gnu-tools-for-stm32.10.3-2021.10.win32_1.0.100.202210260954/tools/bin/../lib/gcc/arm-none-eabi/10.3.1/thumb/v7e-m+fp/hard\libgcc.a(_udivmoddi4.o)
                0x00000000080082c8                __exidx_end = .
                0x00000000080082c8                . = ALIGN (0x4)

.rel.dyn        0x00000000080082c8        0x0
 .rel.iplt      0x00000000080082c8        0x0 c:/st/stm32cubeide_1.11.0/stm32cubeide/plugins/com.st.stm32cube.ide.mcu.externaltools.gnu-tools-for-stm32.10.3-2021.10.win32_1.0.100.202210260954/tools/bin/../lib/gcc/arm-none-eabi/10.3.1/thumb/v7e-m+fp/hard/crtbegin.o

.preinit_array  0x00000000080082c8        0x0
                0x00000000080082c8                . = ALIGN (0x4)
                0x00000000080082c8                PROVIDE (__preinit_array_start = .)
 *(.preinit_array*)
                0x00000000080082c8                PROVIDE (__preinit_array_end = .)
                0x00000000080082c8                . = ALIGN (0x4)

.init_array     0x00000000080082c8        0x4
                0x00000000080082c8                . = ALIGN (0x4)
                0x00000000080082c8                PROVIDE (__init_array_start = .)
 *(SORT_BY_NAME(.init_array.*))
 *(.init_array*)
 .init_array    0x00000000080082c8        0x4 c:/st/stm32cubeide_1.11.0/stm32cubeide/plugins/com.st.stm32cube.ide.mcu.externaltools.gnu-tools-for-stm32.10.3-2021.10.win32_1.0.100.202210260954/tools/bin/../lib/gcc/arm-none-eabi/10.3.1/thumb/v7e-m+fp/hard/crtbegin.o
                0x00000000080082cc                PROVIDE (__init_array_end = .)
                0x00000000080082cc                . = ALIGN (0x4)

.fini_array     0x00000000080082cc        0x4
                0x00000000080082cc                . = ALIGN (0x4)
                [!provide]                        PROVIDE (__fini_array_start = .)
 *(SORT_BY_NAME(.fini_array.*))
 *(.fini_array*)
 .fini_array    0x00000000080082cc        0x4 c:/st/stm32cubeide_1.11.0/stm32cubeide/plugins/com.st.stm32cube.ide.mcu.externaltools.gnu-tools-for-stm32.10.3-2021.10.win32_1.0.100.202210260954/tools/bin/../lib/gcc/arm-none-eabi/10.3.1/thumb/v7e-m+fp/hard/crtbegin.o
                [!provide]                        PROVIDE (__fini_array_end = .)
                0x00000000080082d0                . = ALIGN (0x4)
                0x00000000080082d0                _sidata = LOADADDR (.data)

.data           0x0000000020000000       0x80 load address 0x00000000080082d0
                0x0000000020000000                . = ALIGN (0x4)
                0x0000000020000000                _sdata = .
 *(.data)
 *(.data*)
 .data.Kp       0x0000000020000000        0x4 ./Core/Src/main.o
                0x0000000020000000                Kp
 .data.Ki       0x0000000020000004        0x4 ./Core/Src/main.o
                0x0000000020000004                Ki
 .data.Kd       0x0000000020000008        0x4 ./Core/Src/main.o
                0x0000000020000008                Kd
 .data.Kff      0x000000002000000c        0x4 ./Core/Src/main.o
                0x000000002000000c                Kff
 .data.SystemCoreClock
                0x0000000020000010        0x4 ./Core/Src/system_stm32f4xx.o
                0x0000000020000010                SystemCoreClock
 .data.uwTickPrio
                0x0000000020000014        0x4 ./Drivers/STM32F4xx_HAL_Driver/Src/stm32f4xx_hal.o
                0x0000000020000014                uwTickPrio
 .data.uwTickFreq
                0x0000000020000018        0x1 ./Drivers/STM32F4xx_HAL_Driver/Src/stm32f4xx_hal.o
                0x0000000020000018                uwTickFreq
 *fill*         0x0000000020000019        0x3 
 .data._impure_ptr
                0x000000002000001c        0x4 c:/st/stm32cubeide_1.11.0/stm32cubeide/plugins/com.st.stm32cube.ide.mcu.externaltools.gnu-tools-for-stm32.10.3-2021.10.win32_1.0.100.202210260954/tools/bin/../lib/gcc/arm-none-eabi/10.3.1/../../../../arm-none-eabi/lib/thumb/v7e-m+fp/hard\libc_nano.a(lib_a-impure.o)
                0x000000002000001c                _impure_ptr
 .data.impure_data
                0x0000000020000020       0x60 c:/st/stm32cubeide_1.11.0/stm32cubeide/plugins/com.st.stm32cube.ide.mcu.externaltools.gnu-tools-for-stm32.10.3-2021.10.win32_1.0.100.202210260954/tools/bin/../lib/gcc/arm-none-eabi/10.3.1/../../../../arm-none-eabi/lib/thumb/v7e-m+fp/hard\libc_nano.a(lib_a-impure.o)
 *(.RamFunc)
 *(.RamFunc*)
                0x0000000020000080                . = ALIGN (0x4)
                0x0000000020000080                _edata = .

.igot.plt       0x0000000020000080        0x0 load address 0x0000000008008350
 .igot.plt      0x0000000020000080        0x0 c:/st/stm32cubeide_1.11.0/stm32cubeide/plugins/com.st.stm32cube.ide.mcu.externaltools.gnu-tools-for-stm32.10.3-2021.10.win32_1.0.100.202210260954/tools/bin/../lib/gcc/arm-none-eabi/10.3.1/thumb/v7e-m+fp/hard/crtbegin.o
                0x0000000020000080                . = ALIGN (0x4)

.bss            0x0000000020000080      0x580 load address 0x0000000008008350
                0x0000000020000080                _sbss = .
                0x0000000020000080                __bss_start__ = _sbss
 *(.bss)
 .bss           0x0000000020000080       0x1c c:/st/stm32cubeide_1.11.0/stm32cubeide/plugins/com.st.stm32cube.ide.mcu.externaltools.gnu-tools-for-stm32.10.3-2021.10.win32_1.0.100.202210260954/tools/bin/../lib/gcc/arm-none-eabi/10.3.1/thumb/v7e-m+fp/hard/crtbegin.o
 *(.bss*)
 .bss.hadc1     0x000000002000009c       0x48 ./Core/Src/main.o
                0x000000002000009c                hadc1
 .bss.hdma_adc1
                0x00000000200000e4       0x60 ./Core/Src/main.o
                0x00000000200000e4                hdma_adc1
 .bss.hi2c1     0x0000000020000144       0x54 ./Core/Src/main.o
                0x0000000020000144                hi2c1
 .bss.hi2c3     0x0000000020000198       0x54 ./Core/Src/main.o
                0x0000000020000198                hi2c3
 .bss.hdma_i2c1_rx
                0x00000000200001ec       0x60 ./Core/Src/main.o
                0x00000000200001ec                hdma_i2c1_rx
 .bss.hdma_i2c1_tx
                0x000000002000024c       0x60 ./Core/Src/main.o
                0x000000002000024c                hdma_i2c1_tx
 .bss.hdma_i2c3_rx
                0x00000000200002ac       0x60 ./Core/Src/main.o
                0x00000000200002ac                hdma_i2c3_rx
 .bss.hdma_i2c3_tx
                0x000000002000030c       0x60 ./Core/Src/main.o
                0x000000002000030c                hdma_i2c3_tx
 .bss.hspi2     0x000000002000036c       0x58 ./Core/Src/main.o
                0x000000002000036c                hspi2
 .bss.hspi3     0x00000000200003c4       0x58 ./Core/Src/main.o
                0x00000000200003c4                hspi3
 .bss.huart2    0x000000002000041c       0x44 ./Core/Src/main.o
                0x000000002000041c                huart2
 .bss.hdma_usart2_rx
                0x0000000020000460       0x60 ./Core/Src/main.o
                0x0000000020000460                hdma_usart2_rx
 .bss.hdma_usart2_tx
                0x00000000200004c0       0x60 ./Core/Src/main.o
                0x00000000200004c0                hdma_usart2_tx
 .bss.TxBuffer  0x0000000020000520       0x64 ./Core/Src/main.o
                0x0000000020000520                TxBuffer
 .bss.receive   0x0000000020000584        0x2 ./Core/Src/main.o
                0x0000000020000584                receive
 .bss.sign      0x0000000020000586        0x1 ./Core/Src/main.o
                0x0000000020000586                sign
 .bss.first_number
                0x0000000020000587        0x1 ./Core/Src/main.o
                0x0000000020000587                first_number
 .bss.second_number
                0x0000000020000588        0x1 ./Core/Src/main.o
                0x0000000020000588                second_number
 .bss.equal     0x0000000020000589        0x1 ./Core/Src/main.o
                0x0000000020000589                equal
 *fill*         0x000000002000058a        0x2 
 .bss.state_cal
                0x000000002000058c        0x4 ./Core/Src/main.o
                0x000000002000058c                state_cal
 .bss.condition_cal
                0x0000000020000590        0x4 ./Core/Src/main.o
                0x0000000020000590                condition_cal
 .bss.Answer    0x0000000020000594        0x2 ./Core/Src/main.o
                0x0000000020000594                Answer
 *fill*         0x0000000020000596        0x2 
 .bss.Kp_sep    0x0000000020000598        0x4 ./Core/Src/main.o
                0x0000000020000598                Kp_sep
 .bss.Ki_sep    0x000000002000059c        0x4 ./Core/Src/main.o
                0x000000002000059c                Ki_sep
 .bss.Kd_sep    0x00000000200005a0        0x4 ./Core/Src/main.o
                0x00000000200005a0                Kd_sep
 .bss.Kff_sep   0x00000000200005a4        0x4 ./Core/Src/main.o
                0x00000000200005a4                Kff_sep
 .bss.eepromWriteF
                0x00000000200005a8        0x1 ./Core/Src/main.o
                0x00000000200005a8                eepromWriteF
 .bss.eepromReadF
                0x00000000200005a9        0x1 ./Core/Src/main.o
                0x00000000200005a9                eepromReadF
 *fill*         0x00000000200005aa        0x2 
 .bss.eepromReadBack
                0x00000000200005ac       0x10 ./Core/Src/main.o
                0x00000000200005ac                eepromReadBack
 .bss.SPIRx     0x00000000200005bc        0xa ./Core/Src/main.o
                0x00000000200005bc                SPIRx
 *fill*         0x00000000200005c6        0x2 
 .bss.SPITx     0x00000000200005c8        0xa ./Core/Src/main.o
                0x00000000200005c8                SPITx
 .bss.LEDstate  0x00000000200005d2        0x1 ./Core/Src/main.o
                0x00000000200005d2                LEDstate
 *fill*         0x00000000200005d3        0x1 
 .bss.PID_data.1
                0x00000000200005d4       0x10 ./Core/Src/main.o
 .bss.timestamp.0
                0x00000000200005e4        0x4 ./Core/Src/main.o
 .bss.__sbrk_heap_end
                0x00000000200005e8        0x4 ./Core/Src/sysmem.o
 .bss.uwTick    0x00000000200005ec        0x4 ./Drivers/STM32F4xx_HAL_Driver/Src/stm32f4xx_hal.o
                0x00000000200005ec                uwTick
 .bss.__malloc_free_list
                0x00000000200005f0        0x4 c:/st/stm32cubeide_1.11.0/stm32cubeide/plugins/com.st.stm32cube.ide.mcu.externaltools.gnu-tools-for-stm32.10.3-2021.10.win32_1.0.100.202210260954/tools/bin/../lib/gcc/arm-none-eabi/10.3.1/../../../../arm-none-eabi/lib/thumb/v7e-m+fp/hard\libc_nano.a(lib_a-nano-mallocr.o)
                0x00000000200005f0                __malloc_free_list
 .bss.__malloc_sbrk_start
                0x00000000200005f4        0x4 c:/st/stm32cubeide_1.11.0/stm32cubeide/plugins/com.st.stm32cube.ide.mcu.externaltools.gnu-tools-for-stm32.10.3-2021.10.win32_1.0.100.202210260954/tools/bin/../lib/gcc/arm-none-eabi/10.3.1/../../../../arm-none-eabi/lib/thumb/v7e-m+fp/hard\libc_nano.a(lib_a-nano-mallocr.o)
                0x00000000200005f4                __malloc_sbrk_start
 .bss.errno     0x00000000200005f8        0x4 c:/st/stm32cubeide_1.11.0/stm32cubeide/plugins/com.st.stm32cube.ide.mcu.externaltools.gnu-tools-for-stm32.10.3-2021.10.win32_1.0.100.202210260954/tools/bin/../lib/gcc/arm-none-eabi/10.3.1/../../../../arm-none-eabi/lib/thumb/v7e-m+fp/hard\libc_nano.a(lib_a-reent.o)
                0x00000000200005f8                errno
 .bss.__lock___malloc_recursive_mutex
                0x00000000200005fc        0x1 c:/st/stm32cubeide_1.11.0/stm32cubeide/plugins/com.st.stm32cube.ide.mcu.externaltools.gnu-tools-for-stm32.10.3-2021.10.win32_1.0.100.202210260954/tools/bin/../lib/gcc/arm-none-eabi/10.3.1/../../../../arm-none-eabi/lib/thumb/v7e-m+fp/hard\libc_nano.a(lib_a-lock.o)
                0x00000000200005fc                __lock___malloc_recursive_mutex
 *(COMMON)
                0x0000000020000600                . = ALIGN (0x4)
 *fill*         0x00000000200005fd        0x3 
                0x0000000020000600                _ebss = .
                0x0000000020000600                __bss_end__ = _ebss

._user_heap_stack
                0x0000000020000600      0x600 load address 0x0000000008008350
                0x0000000020000600                . = ALIGN (0x8)
                [!provide]                        PROVIDE (end = .)
                0x0000000020000600                PROVIDE (_end = .)
                0x0000000020000800                . = (. + _Min_Heap_Size)
 *fill*         0x0000000020000600      0x200 
                0x0000000020000c00                . = (. + _Min_Stack_Size)
 *fill*         0x0000000020000800      0x400 
                0x0000000020000c00                . = ALIGN (0x8)

/DISCARD/
 libc.a(*)
 libm.a(*)
 libgcc.a(*)

.ARM.attributes
                0x0000000000000000       0x30
 *(.ARM.attributes)
 .ARM.attributes
                0x0000000000000000       0x1e c:/st/stm32cubeide_1.11.0/stm32cubeide/plugins/com.st.stm32cube.ide.mcu.externaltools.gnu-tools-for-stm32.10.3-2021.10.win32_1.0.100.202210260954/tools/bin/../lib/gcc/arm-none-eabi/10.3.1/thumb/v7e-m+fp/hard/crti.o
 .ARM.attributes
                0x000000000000001e       0x34 c:/st/stm32cubeide_1.11.0/stm32cubeide/plugins/com.st.stm32cube.ide.mcu.externaltools.gnu-tools-for-stm32.10.3-2021.10.win32_1.0.100.202210260954/tools/bin/../lib/gcc/arm-none-eabi/10.3.1/thumb/v7e-m+fp/hard/crtbegin.o
 .ARM.attributes
                0x0000000000000052       0x34 ./Core/Src/main.o
 .ARM.attributes
                0x0000000000000086       0x34 ./Core/Src/stm32f4xx_hal_msp.o
 .ARM.attributes
                0x00000000000000ba       0x34 ./Core/Src/stm32f4xx_it.o
 .ARM.attributes
                0x00000000000000ee       0x34 ./Core/Src/sysmem.o
 .ARM.attributes
                0x0000000000000122       0x34 ./Core/Src/system_stm32f4xx.o
 .ARM.attributes
                0x0000000000000156       0x21 ./Core/Startup/startup_stm32f411retx.o
 .ARM.attributes
                0x0000000000000177       0x34 ./Drivers/STM32F4xx_HAL_Driver/Src/stm32f4xx_hal.o
 .ARM.attributes
                0x00000000000001ab       0x34 ./Drivers/STM32F4xx_HAL_Driver/Src/stm32f4xx_hal_adc.o
 .ARM.attributes
                0x00000000000001df       0x34 ./Drivers/STM32F4xx_HAL_Driver/Src/stm32f4xx_hal_cortex.o
 .ARM.attributes
                0x0000000000000213       0x34 ./Drivers/STM32F4xx_HAL_Driver/Src/stm32f4xx_hal_dma.o
 .ARM.attributes
                0x0000000000000247       0x34 ./Drivers/STM32F4xx_HAL_Driver/Src/stm32f4xx_hal_gpio.o
 .ARM.attributes
                0x000000000000027b       0x34 ./Drivers/STM32F4xx_HAL_Driver/Src/stm32f4xx_hal_i2c.o
 .ARM.attributes
                0x00000000000002af       0x34 ./Drivers/STM32F4xx_HAL_Driver/Src/stm32f4xx_hal_rcc.o
 .ARM.attributes
                0x00000000000002e3       0x34 ./Drivers/STM32F4xx_HAL_Driver/Src/stm32f4xx_hal_spi.o
 .ARM.attributes
                0x0000000000000317       0x34 ./Drivers/STM32F4xx_HAL_Driver/Src/stm32f4xx_hal_uart.o
 .ARM.attributes
                0x000000000000034b       0x34 c:/st/stm32cubeide_1.11.0/stm32cubeide/plugins/com.st.stm32cube.ide.mcu.externaltools.gnu-tools-for-stm32.10.3-2021.10.win32_1.0.100.202210260954/tools/bin/../lib/gcc/arm-none-eabi/10.3.1/../../../../arm-none-eabi/lib/thumb/v7e-m+fp/hard\libc_nano.a(lib_a-errno.o)
 .ARM.attributes
                0x000000000000037f       0x34 c:/st/stm32cubeide_1.11.0/stm32cubeide/plugins/com.st.stm32cube.ide.mcu.externaltools.gnu-tools-for-stm32.10.3-2021.10.win32_1.0.100.202210260954/tools/bin/../lib/gcc/arm-none-eabi/10.3.1/../../../../arm-none-eabi/lib/thumb/v7e-m+fp/hard\libc_nano.a(lib_a-impure.o)
 .ARM.attributes
                0x00000000000003b3       0x34 c:/st/stm32cubeide_1.11.0/stm32cubeide/plugins/com.st.stm32cube.ide.mcu.externaltools.gnu-tools-for-stm32.10.3-2021.10.win32_1.0.100.202210260954/tools/bin/../lib/gcc/arm-none-eabi/10.3.1/../../../../arm-none-eabi/lib/thumb/v7e-m+fp/hard\libc_nano.a(lib_a-init.o)
 .ARM.attributes
                0x00000000000003e7       0x34 c:/st/stm32cubeide_1.11.0/stm32cubeide/plugins/com.st.stm32cube.ide.mcu.externaltools.gnu-tools-for-stm32.10.3-2021.10.win32_1.0.100.202210260954/tools/bin/../lib/gcc/arm-none-eabi/10.3.1/../../../../arm-none-eabi/lib/thumb/v7e-m+fp/hard\libc_nano.a(lib_a-memset.o)
 .ARM.attributes
                0x000000000000041b       0x34 c:/st/stm32cubeide_1.11.0/stm32cubeide/plugins/com.st.stm32cube.ide.mcu.externaltools.gnu-tools-for-stm32.10.3-2021.10.win32_1.0.100.202210260954/tools/bin/../lib/gcc/arm-none-eabi/10.3.1/../../../../arm-none-eabi/lib/thumb/v7e-m+fp/hard\libc_nano.a(lib_a-sprintf.o)
 .ARM.attributes
                0x000000000000044f       0x17 c:/st/stm32cubeide_1.11.0/stm32cubeide/plugins/com.st.stm32cube.ide.mcu.externaltools.gnu-tools-for-stm32.10.3-2021.10.win32_1.0.100.202210260954/tools/bin/../lib/gcc/arm-none-eabi/10.3.1/../../../../arm-none-eabi/lib/thumb/v7e-m+fp/hard\libc_nano.a(lib_a-strlen.o)
 .ARM.attributes
                0x0000000000000466       0x34 c:/st/stm32cubeide_1.11.0/stm32cubeide/plugins/com.st.stm32cube.ide.mcu.externaltools.gnu-tools-for-stm32.10.3-2021.10.win32_1.0.100.202210260954/tools/bin/../lib/gcc/arm-none-eabi/10.3.1/../../../../arm-none-eabi/lib/thumb/v7e-m+fp/hard\libc_nano.a(lib_a-nano-svfprintf.o)
 .ARM.attributes
                0x000000000000049a       0x34 c:/st/stm32cubeide_1.11.0/stm32cubeide/plugins/com.st.stm32cube.ide.mcu.externaltools.gnu-tools-for-stm32.10.3-2021.10.win32_1.0.100.202210260954/tools/bin/../lib/gcc/arm-none-eabi/10.3.1/../../../../arm-none-eabi/lib/thumb/v7e-m+fp/hard\libc_nano.a(lib_a-nano-vfprintf_i.o)
 .ARM.attributes
                0x00000000000004ce       0x1c c:/st/stm32cubeide_1.11.0/stm32cubeide/plugins/com.st.stm32cube.ide.mcu.externaltools.gnu-tools-for-stm32.10.3-2021.10.win32_1.0.100.202210260954/tools/bin/../lib/gcc/arm-none-eabi/10.3.1/../../../../arm-none-eabi/lib/thumb/v7e-m+fp/hard\libc_nano.a(lib_a-memchr.o)
 .ARM.attributes
                0x00000000000004ea       0x34 c:/st/stm32cubeide_1.11.0/stm32cubeide/plugins/com.st.stm32cube.ide.mcu.externaltools.gnu-tools-for-stm32.10.3-2021.10.win32_1.0.100.202210260954/tools/bin/../lib/gcc/arm-none-eabi/10.3.1/../../../../arm-none-eabi/lib/thumb/v7e-m+fp/hard\libc_nano.a(lib_a-memcpy-stub.o)
 .ARM.attributes
                0x000000000000051e       0x34 c:/st/stm32cubeide_1.11.0/stm32cubeide/plugins/com.st.stm32cube.ide.mcu.externaltools.gnu-tools-for-stm32.10.3-2021.10.win32_1.0.100.202210260954/tools/bin/../lib/gcc/arm-none-eabi/10.3.1/../../../../arm-none-eabi/lib/thumb/v7e-m+fp/hard\libc_nano.a(lib_a-memmove.o)
 .ARM.attributes
                0x0000000000000552       0x34 c:/st/stm32cubeide_1.11.0/stm32cubeide/plugins/com.st.stm32cube.ide.mcu.externaltools.gnu-tools-for-stm32.10.3-2021.10.win32_1.0.100.202210260954/tools/bin/../lib/gcc/arm-none-eabi/10.3.1/../../../../arm-none-eabi/lib/thumb/v7e-m+fp/hard\libc_nano.a(lib_a-nano-freer.o)
 .ARM.attributes
                0x0000000000000586       0x34 c:/st/stm32cubeide_1.11.0/stm32cubeide/plugins/com.st.stm32cube.ide.mcu.externaltools.gnu-tools-for-stm32.10.3-2021.10.win32_1.0.100.202210260954/tools/bin/../lib/gcc/arm-none-eabi/10.3.1/../../../../arm-none-eabi/lib/thumb/v7e-m+fp/hard\libc_nano.a(lib_a-nano-mallocr.o)
 .ARM.attributes
                0x00000000000005ba       0x34 c:/st/stm32cubeide_1.11.0/stm32cubeide/plugins/com.st.stm32cube.ide.mcu.externaltools.gnu-tools-for-stm32.10.3-2021.10.win32_1.0.100.202210260954/tools/bin/../lib/gcc/arm-none-eabi/10.3.1/../../../../arm-none-eabi/lib/thumb/v7e-m+fp/hard\libc_nano.a(lib_a-nano-reallocr.o)
 .ARM.attributes
                0x00000000000005ee       0x34 c:/st/stm32cubeide_1.11.0/stm32cubeide/plugins/com.st.stm32cube.ide.mcu.externaltools.gnu-tools-for-stm32.10.3-2021.10.win32_1.0.100.202210260954/tools/bin/../lib/gcc/arm-none-eabi/10.3.1/../../../../arm-none-eabi/lib/thumb/v7e-m+fp/hard\libc_nano.a(lib_a-sbrkr.o)
 .ARM.attributes
                0x0000000000000622       0x34 c:/st/stm32cubeide_1.11.0/stm32cubeide/plugins/com.st.stm32cube.ide.mcu.externaltools.gnu-tools-for-stm32.10.3-2021.10.win32_1.0.100.202210260954/tools/bin/../lib/gcc/arm-none-eabi/10.3.1/../../../../arm-none-eabi/lib/thumb/v7e-m+fp/hard\libc_nano.a(lib_a-mlock.o)
 .ARM.attributes
                0x0000000000000656       0x34 c:/st/stm32cubeide_1.11.0/stm32cubeide/plugins/com.st.stm32cube.ide.mcu.externaltools.gnu-tools-for-stm32.10.3-2021.10.win32_1.0.100.202210260954/tools/bin/../lib/gcc/arm-none-eabi/10.3.1/../../../../arm-none-eabi/lib/thumb/v7e-m+fp/hard\libc_nano.a(lib_a-nano-msizer.o)
 .ARM.attributes
                0x000000000000068a       0x34 c:/st/stm32cubeide_1.11.0/stm32cubeide/plugins/com.st.stm32cube.ide.mcu.externaltools.gnu-tools-for-stm32.10.3-2021.10.win32_1.0.100.202210260954/tools/bin/../lib/gcc/arm-none-eabi/10.3.1/../../../../arm-none-eabi/lib/thumb/v7e-m+fp/hard\libc_nano.a(lib_a-reent.o)
 .ARM.attributes
                0x00000000000006be       0x34 c:/st/stm32cubeide_1.11.0/stm32cubeide/plugins/com.st.stm32cube.ide.mcu.externaltools.gnu-tools-for-stm32.10.3-2021.10.win32_1.0.100.202210260954/tools/bin/../lib/gcc/arm-none-eabi/10.3.1/../../../../arm-none-eabi/lib/thumb/v7e-m+fp/hard\libc_nano.a(lib_a-lock.o)
 .ARM.attributes
                0x00000000000006f2       0x1e c:/st/stm32cubeide_1.11.0/stm32cubeide/plugins/com.st.stm32cube.ide.mcu.externaltools.gnu-tools-for-stm32.10.3-2021.10.win32_1.0.100.202210260954/tools/bin/../lib/gcc/arm-none-eabi/10.3.1/thumb/v7e-m+fp/hard\libgcc.a(_aeabi_uldivmod.o)
 .ARM.attributes
                0x0000000000000710       0x34 c:/st/stm32cubeide_1.11.0/stm32cubeide/plugins/com.st.stm32cube.ide.mcu.externaltools.gnu-tools-for-stm32.10.3-2021.10.win32_1.0.100.202210260954/tools/bin/../lib/gcc/arm-none-eabi/10.3.1/thumb/v7e-m+fp/hard\libgcc.a(_udivmoddi4.o)
 .ARM.attributes
                0x0000000000000744       0x1e c:/st/stm32cubeide_1.11.0/stm32cubeide/plugins/com.st.stm32cube.ide.mcu.externaltools.gnu-tools-for-stm32.10.3-2021.10.win32_1.0.100.202210260954/tools/bin/../lib/gcc/arm-none-eabi/10.3.1/thumb/v7e-m+fp/hard\libgcc.a(_dvmd_tls.o)
 .ARM.attributes
                0x0000000000000762       0x1e c:/st/stm32cubeide_1.11.0/stm32cubeide/plugins/com.st.stm32cube.ide.mcu.externaltools.gnu-tools-for-stm32.10.3-2021.10.win32_1.0.100.202210260954/tools/bin/../lib/gcc/arm-none-eabi/10.3.1/thumb/v7e-m+fp/hard/crtn.o
OUTPUT(COMP3_2023_35.elf elf32-littlearm)
LOAD linker stubs
LOAD c:/st/stm32cubeide_1.11.0/stm32cubeide/plugins/com.st.stm32cube.ide.mcu.externaltools.gnu-tools-for-stm32.10.3-2021.10.win32_1.0.100.202210260954/tools/bin/../lib/gcc/arm-none-eabi/10.3.1/../../../../arm-none-eabi/lib/thumb/v7e-m+fp/hard\libc.a
LOAD c:/st/stm32cubeide_1.11.0/stm32cubeide/plugins/com.st.stm32cube.ide.mcu.externaltools.gnu-tools-for-stm32.10.3-2021.10.win32_1.0.100.202210260954/tools/bin/../lib/gcc/arm-none-eabi/10.3.1/../../../../arm-none-eabi/lib/thumb/v7e-m+fp/hard\libm.a
LOAD c:/st/stm32cubeide_1.11.0/stm32cubeide/plugins/com.st.stm32cube.ide.mcu.externaltools.gnu-tools-for-stm32.10.3-2021.10.win32_1.0.100.202210260954/tools/bin/../lib/gcc/arm-none-eabi/10.3.1/thumb/v7e-m+fp/hard\libgcc.a

.debug_info     0x0000000000000000     0xf70f
 .debug_info    0x0000000000000000     0x1ee8 ./Core/Src/main.o
 .debug_info    0x0000000000001ee8     0x166b ./Core/Src/stm32f4xx_hal_msp.o
 .debug_info    0x0000000000003553      0xd65 ./Core/Src/stm32f4xx_it.o
 .debug_info    0x00000000000042b8      0x171 ./Core/Src/sysmem.o
 .debug_info    0x0000000000004429      0x54f ./Core/Src/system_stm32f4xx.o
 .debug_info    0x0000000000004978       0x22 ./Core/Startup/startup_stm32f411retx.o
 .debug_info    0x000000000000499a      0x90d ./Drivers/STM32F4xx_HAL_Driver/Src/stm32f4xx_hal.o
 .debug_info    0x00000000000052a7      0xd68 ./Drivers/STM32F4xx_HAL_Driver/Src/stm32f4xx_hal_adc.o
 .debug_info    0x000000000000600f      0xd8b ./Drivers/STM32F4xx_HAL_Driver/Src/stm32f4xx_hal_cortex.o
 .debug_info    0x0000000000006d9a      0x947 ./Drivers/STM32F4xx_HAL_Driver/Src/stm32f4xx_hal_dma.o
 .debug_info    0x00000000000076e1      0x78e ./Drivers/STM32F4xx_HAL_Driver/Src/stm32f4xx_hal_gpio.o
 .debug_info    0x0000000000007e6f     0x260f ./Drivers/STM32F4xx_HAL_Driver/Src/stm32f4xx_hal_i2c.o
 .debug_info    0x000000000000a47e      0x98d ./Drivers/STM32F4xx_HAL_Driver/Src/stm32f4xx_hal_rcc.o
 .debug_info    0x000000000000ae0b     0x1750 ./Drivers/STM32F4xx_HAL_Driver/Src/stm32f4xx_hal_spi.o
 .debug_info    0x000000000000c55b     0x31b4 ./Drivers/STM32F4xx_HAL_Driver/Src/stm32f4xx_hal_uart.o

.debug_abbrev   0x0000000000000000     0x1ead
 .debug_abbrev  0x0000000000000000      0x309 ./Core/Src/main.o
 .debug_abbrev  0x0000000000000309      0x234 ./Core/Src/stm32f4xx_hal_msp.o
 .debug_abbrev  0x000000000000053d      0x191 ./Core/Src/stm32f4xx_it.o
 .debug_abbrev  0x00000000000006ce       0xbb ./Core/Src/sysmem.o
 .debug_abbrev  0x0000000000000789      0x116 ./Core/Src/system_stm32f4xx.o
 .debug_abbrev  0x000000000000089f       0x12 ./Core/Startup/startup_stm32f411retx.o
 .debug_abbrev  0x00000000000008b1      0x23e ./Drivers/STM32F4xx_HAL_Driver/Src/stm32f4xx_hal.o
 .debug_abbrev  0x0000000000000aef      0x204 ./Drivers/STM32F4xx_HAL_Driver/Src/stm32f4xx_hal_adc.o
 .debug_abbrev  0x0000000000000cf3      0x316 ./Drivers/STM32F4xx_HAL_Driver/Src/stm32f4xx_hal_cortex.o
 .debug_abbrev  0x0000000000001009      0x21b ./Drivers/STM32F4xx_HAL_Driver/Src/stm32f4xx_hal_dma.o
 .debug_abbrev  0x0000000000001224      0x1c4 ./Drivers/STM32F4xx_HAL_Driver/Src/stm32f4xx_hal_gpio.o
 .debug_abbrev  0x00000000000013e8      0x2a8 ./Drivers/STM32F4xx_HAL_Driver/Src/stm32f4xx_hal_i2c.o
 .debug_abbrev  0x0000000000001690      0x2aa ./Drivers/STM32F4xx_HAL_Driver/Src/stm32f4xx_hal_rcc.o
 .debug_abbrev  0x000000000000193a      0x26e ./Drivers/STM32F4xx_HAL_Driver/Src/stm32f4xx_hal_spi.o
 .debug_abbrev  0x0000000000001ba8      0x305 ./Drivers/STM32F4xx_HAL_Driver/Src/stm32f4xx_hal_uart.o

.debug_aranges  0x0000000000000000      0xd58
 .debug_aranges
                0x0000000000000000       0xe8 ./Core/Src/main.o
 .debug_aranges
                0x00000000000000e8       0x60 ./Core/Src/stm32f4xx_hal_msp.o
 .debug_aranges
                0x0000000000000148       0xd0 ./Core/Src/stm32f4xx_it.o
 .debug_aranges
                0x0000000000000218       0x20 ./Core/Src/sysmem.o
 .debug_aranges
                0x0000000000000238       0x28 ./Core/Src/system_stm32f4xx.o
 .debug_aranges
                0x0000000000000260       0x28 ./Core/Startup/startup_stm32f411retx.o
 .debug_aranges
                0x0000000000000288       0xf0 ./Drivers/STM32F4xx_HAL_Driver/Src/stm32f4xx_hal.o
 .debug_aranges
                0x0000000000000378       0xe8 ./Drivers/STM32F4xx_HAL_Driver/Src/stm32f4xx_hal_adc.o
 .debug_aranges
                0x0000000000000460      0x118 ./Drivers/STM32F4xx_HAL_Driver/Src/stm32f4xx_hal_cortex.o
 .debug_aranges
                0x0000000000000578       0x90 ./Drivers/STM32F4xx_HAL_Driver/Src/stm32f4xx_hal_dma.o
 .debug_aranges
                0x0000000000000608       0x58 ./Drivers/STM32F4xx_HAL_Driver/Src/stm32f4xx_hal_gpio.o
 .debug_aranges
                0x0000000000000660      0x2a0 ./Drivers/STM32F4xx_HAL_Driver/Src/stm32f4xx_hal_i2c.o
 .debug_aranges
                0x0000000000000900       0x88 ./Drivers/STM32F4xx_HAL_Driver/Src/stm32f4xx_hal_rcc.o
 .debug_aranges
                0x0000000000000988      0x1d0 ./Drivers/STM32F4xx_HAL_Driver/Src/stm32f4xx_hal_spi.o
 .debug_aranges
                0x0000000000000b58      0x200 ./Drivers/STM32F4xx_HAL_Driver/Src/stm32f4xx_hal_uart.o

.debug_ranges   0x0000000000000000      0xcb8
 .debug_ranges  0x0000000000000000       0xd8 ./Core/Src/main.o
 .debug_ranges  0x00000000000000d8       0x50 ./Core/Src/stm32f4xx_hal_msp.o
 .debug_ranges  0x0000000000000128       0xc0 ./Core/Src/stm32f4xx_it.o
 .debug_ranges  0x00000000000001e8       0x10 ./Core/Src/sysmem.o
 .debug_ranges  0x00000000000001f8       0x18 ./Core/Src/system_stm32f4xx.o
 .debug_ranges  0x0000000000000210       0x20 ./Core/Startup/startup_stm32f411retx.o
 .debug_ranges  0x0000000000000230       0xe0 ./Drivers/STM32F4xx_HAL_Driver/Src/stm32f4xx_hal.o
 .debug_ranges  0x0000000000000310       0xd8 ./Drivers/STM32F4xx_HAL_Driver/Src/stm32f4xx_hal_adc.o
 .debug_ranges  0x00000000000003e8      0x108 ./Drivers/STM32F4xx_HAL_Driver/Src/stm32f4xx_hal_cortex.o
 .debug_ranges  0x00000000000004f0       0x80 ./Drivers/STM32F4xx_HAL_Driver/Src/stm32f4xx_hal_dma.o
 .debug_ranges  0x0000000000000570       0x48 ./Drivers/STM32F4xx_HAL_Driver/Src/stm32f4xx_hal_gpio.o
 .debug_ranges  0x00000000000005b8      0x2a8 ./Drivers/STM32F4xx_HAL_Driver/Src/stm32f4xx_hal_i2c.o
 .debug_ranges  0x0000000000000860       0x78 ./Drivers/STM32F4xx_HAL_Driver/Src/stm32f4xx_hal_rcc.o
 .debug_ranges  0x00000000000008d8      0x1c0 ./Drivers/STM32F4xx_HAL_Driver/Src/stm32f4xx_hal_spi.o
 .debug_ranges  0x0000000000000a98      0x220 ./Drivers/STM32F4xx_HAL_Driver/Src/stm32f4xx_hal_uart.o

.debug_macro    0x0000000000000000    0x17793
 .debug_macro   0x0000000000000000      0x3a9 ./Core/Src/main.o
 .debug_macro   0x00000000000003a9      0xa78 ./Core/Src/main.o
 .debug_macro   0x0000000000000e21      0x2a7 ./Core/Src/main.o
 .debug_macro   0x00000000000010c8       0x2e ./Core/Src/main.o
 .debug_macro   0x00000000000010f6       0x28 ./Core/Src/main.o
 .debug_macro   0x000000000000111e       0x22 ./Core/Src/main.o
 .debug_macro   0x0000000000001140       0x8e ./Core/Src/main.o
 .debug_macro   0x00000000000011ce       0x51 ./Core/Src/main.o
 .debug_macro   0x000000000000121f      0x103 ./Core/Src/main.o
 .debug_macro   0x0000000000001322       0x6a ./Core/Src/main.o
 .debug_macro   0x000000000000138c      0x1df ./Core/Src/main.o
 .debug_macro   0x000000000000156b       0x1c ./Core/Src/main.o
 .debug_macro   0x0000000000001587       0x22 ./Core/Src/main.o
 .debug_macro   0x00000000000015a9       0xd9 ./Core/Src/main.o
 .debug_macro   0x0000000000001682     0x102d ./Core/Src/main.o
 .debug_macro   0x00000000000026af      0x11f ./Core/Src/main.o
 .debug_macro   0x00000000000027ce     0xb953 ./Core/Src/main.o
 .debug_macro   0x000000000000e121       0x6d ./Core/Src/main.o
 .debug_macro   0x000000000000e18e     0x367e ./Core/Src/main.o
 .debug_macro   0x000000000001180c      0x174 ./Core/Src/main.o
 .debug_macro   0x0000000000011980       0x5c ./Core/Src/main.o
 .debug_macro   0x00000000000119dc      0x447 ./Core/Src/main.o
 .debug_macro   0x0000000000011e23      0x9fe ./Core/Src/main.o
 .debug_macro   0x0000000000012821      0x115 ./Core/Src/main.o
 .debug_macro   0x0000000000012936      0x11b ./Core/Src/main.o
 .debug_macro   0x0000000000012a51       0xa5 ./Core/Src/main.o
 .debug_macro   0x0000000000012af6      0x15f ./Core/Src/main.o
 .debug_macro   0x0000000000012c55      0x287 ./Core/Src/main.o
 .debug_macro   0x0000000000012edc       0x5f ./Core/Src/main.o
 .debug_macro   0x0000000000012f3b      0x236 ./Core/Src/main.o
 .debug_macro   0x0000000000013171      0x9e1 ./Core/Src/main.o
 .debug_macro   0x0000000000013b52      0x38b ./Core/Src/main.o
 .debug_macro   0x0000000000013edd      0x17d ./Core/Src/main.o
 .debug_macro   0x000000000001405a       0xf9 ./Core/Src/main.o
 .debug_macro   0x0000000000014153      0x132 ./Core/Src/main.o
 .debug_macro   0x0000000000014285      0x264 ./Core/Src/main.o
 .debug_macro   0x00000000000144e9       0x2e ./Core/Src/main.o
 .debug_macro   0x0000000000014517      0x1b5 ./Core/Src/main.o
 .debug_macro   0x00000000000146cc       0x22 ./Core/Src/main.o
 .debug_macro   0x00000000000146ee       0xd6 ./Core/Src/main.o
 .debug_macro   0x00000000000147c4      0x11a ./Core/Src/main.o
 .debug_macro   0x00000000000148de       0x85 ./Core/Src/main.o
 .debug_macro   0x0000000000014963       0x89 ./Core/Src/main.o
 .debug_macro   0x00000000000149ec      0x225 ./Core/Src/main.o
 .debug_macro   0x0000000000014c11      0x295 ./Core/Src/main.o
 .debug_macro   0x0000000000014ea6      0x126 ./Core/Src/main.o
 .debug_macro   0x0000000000014fcc       0x58 ./Core/Src/main.o
 .debug_macro   0x0000000000015024       0x52 ./Core/Src/main.o
 .debug_macro   0x0000000000015076       0x1e ./Core/Src/main.o
 .debug_macro   0x0000000000015094       0x3c ./Core/Src/main.o
 .debug_macro   0x00000000000150d0       0x34 ./Core/Src/main.o
 .debug_macro   0x0000000000015104       0x16 ./Core/Src/main.o
 .debug_macro   0x000000000001511a       0x35 ./Core/Src/main.o
 .debug_macro   0x000000000001514f      0x341 ./Core/Src/main.o
 .debug_macro   0x0000000000015490       0x10 ./Core/Src/main.o
 .debug_macro   0x00000000000154a0       0x16 ./Core/Src/main.o
 .debug_macro   0x00000000000154b6       0x43 ./Core/Src/main.o
 .debug_macro   0x00000000000154f9       0x34 ./Core/Src/main.o
 .debug_macro   0x000000000001552d       0x10 ./Core/Src/main.o
 .debug_macro   0x000000000001553d       0x58 ./Core/Src/main.o
 .debug_macro   0x0000000000015595       0x71 ./Core/Src/main.o
 .debug_macro   0x0000000000015606       0x1c ./Core/Src/main.o
 .debug_macro   0x0000000000015622      0x12a ./Core/Src/main.o
 .debug_macro   0x000000000001574c       0x10 ./Core/Src/main.o
 .debug_macro   0x000000000001575c       0x1c ./Core/Src/main.o
 .debug_macro   0x0000000000015778       0x52 ./Core/Src/main.o
 .debug_macro   0x00000000000157ca       0x22 ./Core/Src/main.o
 .debug_macro   0x00000000000157ec       0x10 ./Core/Src/main.o
 .debug_macro   0x00000000000157fc       0x52 ./Core/Src/main.o
 .debug_macro   0x000000000001584e       0xd5 ./Core/Src/main.o
 .debug_macro   0x0000000000015923       0x1c ./Core/Src/main.o
 .debug_macro   0x000000000001593f       0x3d ./Core/Src/main.o
 .debug_macro   0x000000000001597c       0x16 ./Core/Src/main.o
 .debug_macro   0x0000000000015992      0x145 ./Core/Src/main.o
 .debug_macro   0x0000000000015ad7       0x16 ./Core/Src/main.o
 .debug_macro   0x0000000000015aed       0x20 ./Core/Src/main.o
 .debug_macro   0x0000000000015b0d      0x214 ./Core/Src/stm32f4xx_hal_msp.o
 .debug_macro   0x0000000000015d21      0x21e ./Core/Src/stm32f4xx_it.o
 .debug_macro   0x0000000000015f3f       0xff ./Core/Src/sysmem.o
 .debug_macro   0x000000000001603e      0x23b ./Core/Src/sysmem.o
 .debug_macro   0x0000000000016279      0x205 ./Core/Src/system_stm32f4xx.o
 .debug_macro   0x000000000001647e      0x265 ./Drivers/STM32F4xx_HAL_Driver/Src/stm32f4xx_hal.o
 .debug_macro   0x00000000000166e3      0x206 ./Drivers/STM32F4xx_HAL_Driver/Src/stm32f4xx_hal_adc.o
 .debug_macro   0x00000000000168e9      0x205 ./Drivers/STM32F4xx_HAL_Driver/Src/stm32f4xx_hal_cortex.o
 .debug_macro   0x0000000000016aee      0x20b ./Drivers/STM32F4xx_HAL_Driver/Src/stm32f4xx_hal_dma.o
 .debug_macro   0x0000000000016cf9      0x20b ./Drivers/STM32F4xx_HAL_Driver/Src/stm32f4xx_hal_gpio.o
 .debug_macro   0x0000000000016f04      0x24c ./Drivers/STM32F4xx_HAL_Driver/Src/stm32f4xx_hal_i2c.o
 .debug_macro   0x0000000000017150      0x229 ./Drivers/STM32F4xx_HAL_Driver/Src/stm32f4xx_hal_rcc.o
 .debug_macro   0x0000000000017379      0x214 ./Drivers/STM32F4xx_HAL_Driver/Src/stm32f4xx_hal_spi.o
 .debug_macro   0x000000000001758d      0x206 ./Drivers/STM32F4xx_HAL_Driver/Src/stm32f4xx_hal_uart.o

.debug_line     0x0000000000000000    0x1038a
 .debug_line    0x0000000000000000     0x118a ./Core/Src/main.o
 .debug_line    0x000000000000118a      0xa01 ./Core/Src/stm32f4xx_hal_msp.o
 .debug_line    0x0000000000001b8b      0x934 ./Core/Src/stm32f4xx_it.o
 .debug_line    0x00000000000024bf      0x4f4 ./Core/Src/sysmem.o
 .debug_line    0x00000000000029b3      0x7a3 ./Core/Src/system_stm32f4xx.o
 .debug_line    0x0000000000003156       0x88 ./Core/Startup/startup_stm32f411retx.o
 .debug_line    0x00000000000031de      0xa09 ./Drivers/STM32F4xx_HAL_Driver/Src/stm32f4xx_hal.o
 .debug_line    0x0000000000003be7     0x11b9 ./Drivers/STM32F4xx_HAL_Driver/Src/stm32f4xx_hal_adc.o
 .debug_line    0x0000000000004da0      0xcb8 ./Drivers/STM32F4xx_HAL_Driver/Src/stm32f4xx_hal_cortex.o
 .debug_line    0x0000000000005a58      0xf6d ./Drivers/STM32F4xx_HAL_Driver/Src/stm32f4xx_hal_dma.o
 .debug_line    0x00000000000069c5      0xb41 ./Drivers/STM32F4xx_HAL_Driver/Src/stm32f4xx_hal_gpio.o
 .debug_line    0x0000000000007506     0x39be ./Drivers/STM32F4xx_HAL_Driver/Src/stm32f4xx_hal_i2c.o
 .debug_line    0x000000000000aec4      0xd85 ./Drivers/STM32F4xx_HAL_Driver/Src/stm32f4xx_hal_rcc.o
 .debug_line    0x000000000000bc49     0x1c93 ./Drivers/STM32F4xx_HAL_Driver/Src/stm32f4xx_hal_spi.o
 .debug_line    0x000000000000d8dc     0x2aae ./Drivers/STM32F4xx_HAL_Driver/Src/stm32f4xx_hal_uart.o

.debug_str      0x0000000000000000    0x960cb
 .debug_str     0x0000000000000000    0x930bd ./Core/Src/main.o
                                      0x9344d (size before relaxing)
 .debug_str     0x00000000000930bd      0x11d ./Core/Src/stm32f4xx_hal_msp.o
                                      0x8f1d6 (size before relaxing)
 .debug_str     0x00000000000931da      0x255 ./Core/Src/stm32f4xx_it.o
                                      0x8ec03 (size before relaxing)
 .debug_str     0x000000000009342f      0x4da ./Core/Src/sysmem.o
                                       0x5db5 (size before relaxing)
 .debug_str     0x0000000000093909       0xdb ./Core/Src/system_stm32f4xx.o
                                      0x8e1b7 (size before relaxing)
 .debug_str     0x00000000000939e4       0x36 ./Core/Startup/startup_stm32f411retx.o
                                         0x77 (size before relaxing)
 .debug_str     0x0000000000093a1a      0x5da ./Drivers/STM32F4xx_HAL_Driver/Src/stm32f4xx_hal.o
                                      0x8ebe3 (size before relaxing)
 .debug_str     0x0000000000093ff4      0x2d0 ./Drivers/STM32F4xx_HAL_Driver/Src/stm32f4xx_hal_adc.o
                                      0x8e792 (size before relaxing)
 .debug_str     0x00000000000942c4      0x326 ./Drivers/STM32F4xx_HAL_Driver/Src/stm32f4xx_hal_cortex.o
                                      0x8e904 (size before relaxing)
 .debug_str     0x00000000000945ea      0x2c7 ./Drivers/STM32F4xx_HAL_Driver/Src/stm32f4xx_hal_dma.o
                                      0x8e5bf (size before relaxing)
 .debug_str     0x00000000000948b1      0x110 ./Drivers/STM32F4xx_HAL_Driver/Src/stm32f4xx_hal_gpio.o
                                      0x8e332 (size before relaxing)
 .debug_str     0x00000000000949c1      0xa61 ./Drivers/STM32F4xx_HAL_Driver/Src/stm32f4xx_hal_i2c.o
                                      0x8f175 (size before relaxing)
 .debug_str     0x0000000000095422      0x213 ./Drivers/STM32F4xx_HAL_Driver/Src/stm32f4xx_hal_rcc.o
                                      0x8e5eb (size before relaxing)
 .debug_str     0x0000000000095635      0x50b ./Drivers/STM32F4xx_HAL_Driver/Src/stm32f4xx_hal_spi.o
                                      0x8ea69 (size before relaxing)
 .debug_str     0x0000000000095b40      0x58b ./Drivers/STM32F4xx_HAL_Driver/Src/stm32f4xx_hal_uart.o
                                      0x8eb78 (size before relaxing)

.comment        0x0000000000000000       0x50
 .comment       0x0000000000000000       0x50 ./Core/Src/main.o
                                         0x51 (size before relaxing)
 .comment       0x0000000000000050       0x51 ./Core/Src/stm32f4xx_hal_msp.o
 .comment       0x0000000000000050       0x51 ./Core/Src/stm32f4xx_it.o
 .comment       0x0000000000000050       0x51 ./Core/Src/sysmem.o
 .comment       0x0000000000000050       0x51 ./Core/Src/system_stm32f4xx.o
 .comment       0x0000000000000050       0x51 ./Drivers/STM32F4xx_HAL_Driver/Src/stm32f4xx_hal.o
 .comment       0x0000000000000050       0x51 ./Drivers/STM32F4xx_HAL_Driver/Src/stm32f4xx_hal_adc.o
 .comment       0x0000000000000050       0x51 ./Drivers/STM32F4xx_HAL_Driver/Src/stm32f4xx_hal_cortex.o
 .comment       0x0000000000000050       0x51 ./Drivers/STM32F4xx_HAL_Driver/Src/stm32f4xx_hal_dma.o
 .comment       0x0000000000000050       0x51 ./Drivers/STM32F4xx_HAL_Driver/Src/stm32f4xx_hal_gpio.o
 .comment       0x0000000000000050       0x51 ./Drivers/STM32F4xx_HAL_Driver/Src/stm32f4xx_hal_i2c.o
 .comment       0x0000000000000050       0x51 ./Drivers/STM32F4xx_HAL_Driver/Src/stm32f4xx_hal_rcc.o
 .comment       0x0000000000000050       0x51 ./Drivers/STM32F4xx_HAL_Driver/Src/stm32f4xx_hal_spi.o
 .comment       0x0000000000000050       0x51 ./Drivers/STM32F4xx_HAL_Driver/Src/stm32f4xx_hal_uart.o

.debug_frame    0x0000000000000000     0x3bdc
 .debug_frame   0x0000000000000000      0x368 ./Core/Src/main.o
 .debug_frame   0x0000000000000368      0x158 ./Core/Src/stm32f4xx_hal_msp.o
 .debug_frame   0x00000000000004c0      0x28c ./Core/Src/stm32f4xx_it.o
 .debug_frame   0x000000000000074c       0x34 ./Core/Src/sysmem.o
 .debug_frame   0x0000000000000780       0x58 ./Core/Src/system_stm32f4xx.o
 .debug_frame   0x00000000000007d8      0x374 ./Drivers/STM32F4xx_HAL_Driver/Src/stm32f4xx_hal.o
 .debug_frame   0x0000000000000b4c      0x3fc ./Drivers/STM32F4xx_HAL_Driver/Src/stm32f4xx_hal_adc.o
 .debug_frame   0x0000000000000f48      0x498 ./Drivers/STM32F4xx_HAL_Driver/Src/stm32f4xx_hal_cortex.o
 .debug_frame   0x00000000000013e0      0x250 ./Drivers/STM32F4xx_HAL_Driver/Src/stm32f4xx_hal_dma.o
 .debug_frame   0x0000000000001630      0x14c ./Drivers/STM32F4xx_HAL_Driver/Src/stm32f4xx_hal_gpio.o
 .debug_frame   0x000000000000177c      0xc5c ./Drivers/STM32F4xx_HAL_Driver/Src/stm32f4xx_hal_i2c.o
 .debug_frame   0x00000000000023d8      0x1f4 ./Drivers/STM32F4xx_HAL_Driver/Src/stm32f4xx_hal_rcc.o
 .debug_frame   0x00000000000025cc      0x824 ./Drivers/STM32F4xx_HAL_Driver/Src/stm32f4xx_hal_spi.o
 .debug_frame   0x0000000000002df0      0x92c ./Drivers/STM32F4xx_HAL_Driver/Src/stm32f4xx_hal_uart.o
 .debug_frame   0x000000000000371c       0x20 c:/st/stm32cubeide_1.11.0/stm32cubeide/plugins/com.st.stm32cube.ide.mcu.externaltools.gnu-tools-for-stm32.10.3-2021.10.win32_1.0.100.202210260954/tools/bin/../lib/gcc/arm-none-eabi/10.3.1/../../../../arm-none-eabi/lib/thumb/v7e-m+fp/hard\libc_nano.a(lib_a-errno.o)
 .debug_frame   0x000000000000373c       0x2c c:/st/stm32cubeide_1.11.0/stm32cubeide/plugins/com.st.stm32cube.ide.mcu.externaltools.gnu-tools-for-stm32.10.3-2021.10.win32_1.0.100.202210260954/tools/bin/../lib/gcc/arm-none-eabi/10.3.1/../../../../arm-none-eabi/lib/thumb/v7e-m+fp/hard\libc_nano.a(lib_a-init.o)
 .debug_frame   0x0000000000003768       0x20 c:/st/stm32cubeide_1.11.0/stm32cubeide/plugins/com.st.stm32cube.ide.mcu.externaltools.gnu-tools-for-stm32.10.3-2021.10.win32_1.0.100.202210260954/tools/bin/../lib/gcc/arm-none-eabi/10.3.1/../../../../arm-none-eabi/lib/thumb/v7e-m+fp/hard\libc_nano.a(lib_a-memset.o)
 .debug_frame   0x0000000000003788       0x6c c:/st/stm32cubeide_1.11.0/stm32cubeide/plugins/com.st.stm32cube.ide.mcu.externaltools.gnu-tools-for-stm32.10.3-2021.10.win32_1.0.100.202210260954/tools/bin/../lib/gcc/arm-none-eabi/10.3.1/../../../../arm-none-eabi/lib/thumb/v7e-m+fp/hard\libc_nano.a(lib_a-sprintf.o)
 .debug_frame   0x00000000000037f4       0x90 c:/st/stm32cubeide_1.11.0/stm32cubeide/plugins/com.st.stm32cube.ide.mcu.externaltools.gnu-tools-for-stm32.10.3-2021.10.win32_1.0.100.202210260954/tools/bin/../lib/gcc/arm-none-eabi/10.3.1/../../../../arm-none-eabi/lib/thumb/v7e-m+fp/hard\libc_nano.a(lib_a-nano-svfprintf.o)
 .debug_frame   0x0000000000003884       0x60 c:/st/stm32cubeide_1.11.0/stm32cubeide/plugins/com.st.stm32cube.ide.mcu.externaltools.gnu-tools-for-stm32.10.3-2021.10.win32_1.0.100.202210260954/tools/bin/../lib/gcc/arm-none-eabi/10.3.1/../../../../arm-none-eabi/lib/thumb/v7e-m+fp/hard\libc_nano.a(lib_a-nano-vfprintf_i.o)
 .debug_frame   0x00000000000038e4       0x28 c:/st/stm32cubeide_1.11.0/stm32cubeide/plugins/com.st.stm32cube.ide.mcu.externaltools.gnu-tools-for-stm32.10.3-2021.10.win32_1.0.100.202210260954/tools/bin/../lib/gcc/arm-none-eabi/10.3.1/../../../../arm-none-eabi/lib/thumb/v7e-m+fp/hard\libc_nano.a(lib_a-memcpy-stub.o)
 .debug_frame   0x000000000000390c       0x28 c:/st/stm32cubeide_1.11.0/stm32cubeide/plugins/com.st.stm32cube.ide.mcu.externaltools.gnu-tools-for-stm32.10.3-2021.10.win32_1.0.100.202210260954/tools/bin/../lib/gcc/arm-none-eabi/10.3.1/../../../../arm-none-eabi/lib/thumb/v7e-m+fp/hard\libc_nano.a(lib_a-memmove.o)